Component: ARM Compiler 5.06 update 7 (build 960) Tool: armlink [4d3601]

==============================================================================

Section Cross References

    main.o(i.main) refers to system.o(i.CPU_CACHE_Enable) for CPU_CACHE_Enable
    main.o(i.main) refers to stm32h7xx_hal.o(i.HAL_Init) for HAL_Init
    main.o(i.main) refers to system.o(i.MPU_Memory_Protection) for MPU_Memory_Protection
    main.o(i.main) refers to system.o(i.SystemClock_Config) for SystemClock_Config
    main.o(i.main) refers to delay.o(i.SysTick_clkconfig) for SysTick_clkconfig
    main.o(i.main) refers to led.o(i.LED_Init) for LED_Init
    main.o(i.main) refers to usart.o(i.uart_init) for uart_init
    main.o(i.main) refers to lcd.o(i.LCD_Init) for LCD_Init
    main.o(i.main) refers to ad7606.o(i.AD7606_Init) for AD7606_Init
    main.o(i.main) refers to lcd.o(i.LCD_ShowString) for LCD_ShowString
    main.o(i.main) refers to ad7606.o(i.AD7606_StartConvst) for AD7606_StartConvst
    main.o(i.main) refers to ad7606.o(i.AD7606_Delay) for AD7606_Delay
    main.o(i.main) refers to stm32h7xx_hal_gpio.o(i.HAL_GPIO_ReadPin) for HAL_GPIO_ReadPin
    main.o(i.main) refers to ad7606.o(i.AD7606_ReadData) for AD7606_ReadData
    main.o(i.main) refers to printfa.o(i.__0sprintf) for __2sprintf
    main.o(i.main) refers to printfa.o(i.__0printf) for __2printf
    main.o(i.main) refers to delay.o(i.delay_ms) for delay_ms
    main.o(i.main) refers to stm32h7xx_hal_gpio.o(i.HAL_GPIO_TogglePin) for HAL_GPIO_TogglePin
    main.o(i.main) refers to lcd.o(.data) for POINT_COLOR
    stm32h7xx_it.o(i.SysTick_Handler) refers to stm32h7xx_hal.o(i.HAL_IncTick) for HAL_IncTick
    system_stm32h7xx.o(i.SystemCoreClockUpdate) refers to system_stm32h7xx.o(.data) for SystemCoreClock
    system_stm32h7xx.o(i.SystemCoreClockUpdate) refers to system_stm32h7xx.o(.constdata) for D1CorePrescTable
    led.o(i.BSP_LED_Init) refers to stm32h7xx_hal_gpio.o(i.HAL_GPIO_Init) for HAL_GPIO_Init
    led.o(i.BSP_LED_Init) refers to stm32h7xx_hal_gpio.o(i.HAL_GPIO_WritePin) for HAL_GPIO_WritePin
    led.o(i.BSP_LED_Init) refers to led.o(.constdata) for GPIO_PIN
    led.o(i.BSP_LED_Init) refers to led.o(.data) for GPIO_PORT
    led.o(i.LED_Init) refers to led.o(i.BSP_LED_Init) for BSP_LED_Init
    delay.o(i.SysTick_clkconfig) refers to stm32h7xx_hal_cortex.o(i.HAL_SYSTICK_CLKSourceConfig) for HAL_SYSTICK_CLKSourceConfig
    delay.o(i.SysTick_clkconfig) refers to delay.o(.data) for fac_us
    delay.o(i.delay_ms) refers to delay.o(i.delay_us) for delay_us
    delay.o(i.delay_us) refers to delay.o(.data) for fac_us
    key.o(i.BSP_KEY_Init) refers to stm32h7xx_hal_gpio.o(i.HAL_GPIO_Init) for HAL_GPIO_Init
    key.o(i.BSP_KEY_Init) refers to key.o(.constdata) for BUTTON_PIN
    key.o(i.BSP_KEY_Init) refers to key.o(.data) for BUTTON_PORT
    key.o(i.KEY_Init) refers to key.o(i.BSP_KEY_Init) for BSP_KEY_Init
    key.o(i.KEY_Scan) refers to stm32h7xx_hal_gpio.o(i.HAL_GPIO_ReadPin) for HAL_GPIO_ReadPin
    key.o(i.KEY_Scan) refers to delay.o(i.delay_ms) for delay_ms
    key.o(i.KEY_Scan) refers to key.o(.data) for key_up
    lcd.o(i.HAL_SRAM_MspInit) refers to stm32h7xx_hal_gpio.o(i.HAL_GPIO_Init) for HAL_GPIO_Init
    lcd.o(i.LCD_Clear) refers to lcd.o(i.LCD_Fill) for LCD_Fill
    lcd.o(i.LCD_Clear) refers to lcd.o(.bss) for lcddev
    lcd.o(i.LCD_Color_Fill) refers to lcd.o(i.LCD_Set_Window) for LCD_Set_Window
    lcd.o(i.LCD_Color_Fill) refers to lcd.o(i.LCD_WriteRAM_Prepare) for LCD_WriteRAM_Prepare
    lcd.o(i.LCD_Color_Fill) refers to lcd.o(i.LCD_WriteRAM) for LCD_WriteRAM
    lcd.o(i.LCD_Color_Fill) refers to lcd.o(i.LCD_SetCursor) for LCD_SetCursor
    lcd.o(i.LCD_Color_Fill) refers to lcd.o(.bss) for lcddev
    lcd.o(i.LCD_DisplayOff) refers to lcd.o(i.LCD_WR_REG) for LCD_WR_REG
    lcd.o(i.LCD_DisplayOff) refers to lcd.o(i.LCD_WriteReg) for LCD_WriteReg
    lcd.o(i.LCD_DisplayOff) refers to lcd.o(.bss) for lcddev
    lcd.o(i.LCD_DisplayOn) refers to lcd.o(i.LCD_WR_REG) for LCD_WR_REG
    lcd.o(i.LCD_DisplayOn) refers to lcd.o(i.LCD_WriteReg) for LCD_WriteReg
    lcd.o(i.LCD_DisplayOn) refers to lcd.o(.bss) for lcddev
    lcd.o(i.LCD_Display_Dir) refers to lcd.o(.bss) for lcddev
    lcd.o(i.LCD_DrawLine) refers to lcd.o(i.LCD_DrawPoint) for LCD_DrawPoint
    lcd.o(i.LCD_DrawPoint) refers to lcd.o(i.LCD_Set_Window) for LCD_Set_Window
    lcd.o(i.LCD_DrawPoint) refers to lcd.o(i.LCD_SetCursor) for LCD_SetCursor
    lcd.o(i.LCD_DrawPoint) refers to lcd.o(i.LCD_WriteRAM_Prepare) for LCD_WriteRAM_Prepare
    lcd.o(i.LCD_DrawPoint) refers to lcd.o(.bss) for lcddev
    lcd.o(i.LCD_DrawPoint) refers to lcd.o(.data) for POINT_COLOR
    lcd.o(i.LCD_DrawRectangle) refers to lcd.o(i.LCD_DrawLine) for LCD_DrawLine
    lcd.o(i.LCD_Draw_Circle) refers to lcd.o(i.LCD_DrawPoint) for LCD_DrawPoint
    lcd.o(i.LCD_Fast_DrawPoint) refers to lcd.o(i.LCD_WR_REG) for LCD_WR_REG
    lcd.o(i.LCD_Fast_DrawPoint) refers to lcd.o(i.LCD_WR_DATA) for LCD_WR_DATA
[...]
    Removing stm32h7xx_hal_spi.o(i.SPI_DMAAbortOnError), (28 bytes).
    Removing stm32h7xx_hal_spi.o(i.SPI_DMAError), (48 bytes).
    Removing stm32h7xx_hal_spi.o(i.SPI_DMAHalfReceiveCplt), (14 bytes).
    Removing stm32h7xx_hal_spi.o(i.SPI_DMAHalfTransmitCplt), (14 bytes).
    Removing stm32h7xx_hal_spi.o(i.SPI_DMAHalfTransmitReceiveCplt), (14 bytes).
    Removing stm32h7xx_hal_spi.o(i.SPI_DMAReceiveCplt), (46 bytes).
    Removing stm32h7xx_hal_spi.o(i.SPI_DMARxAbortCallback), (46 bytes).
    Removing stm32h7xx_hal_spi.o(i.SPI_DMATransmitCplt), (46 bytes).
    Removing stm32h7xx_hal_spi.o(i.SPI_DMATransmitReceiveCplt), (46 bytes).
    Removing stm32h7xx_hal_spi.o(i.SPI_DMATxAbortCallback), (46 bytes).
    Removing stm32h7xx_hal_spi.o(i.SPI_RxISR_16BIT), (44 bytes).
    Removing stm32h7xx_hal_spi.o(i.SPI_RxISR_32BIT), (44 bytes).
    Removing stm32h7xx_hal_spi.o(i.SPI_RxISR_8BIT), (46 bytes).
    Removing stm32h7xx_hal_spi.o(i.SPI_TxISR_16BIT), (44 bytes).
    Removing stm32h7xx_hal_spi.o(i.SPI_TxISR_32BIT), (44 bytes).
    Removing stm32h7xx_hal_spi.o(i.SPI_TxISR_8BIT), (46 bytes).
    Removing stm32h7xx_hal_spi.o(.constdata), (48 bytes).
    Removing startup_stm32h750xx.o(HEAP), (512 bytes).

691 unused section(s) (total 62193 bytes) removed from the image.

==============================================================================

Image Symbol Table

    Local Symbols

    Symbol Name                              Value     Ov Type        Size  Object(Section)

    ../clib/microlib/division.c              0x00000000   Number         0  uldiv.o ABSOLUTE
    ../clib/microlib/division.c              0x00000000   Number         0  uidiv.o ABSOLUTE
    ../clib/microlib/init/entry.s            0x00000000   Number         0  entry12b.o ABSOLUTE
    ../clib/microlib/init/entry.s            0x00000000   Number         0  entry7b.o ABSOLUTE
    ../clib/microlib/init/entry.s            0x00000000   Number         0  entry9b.o ABSOLUTE
    ../clib/microlib/init/entry.s            0x00000000   Number         0  entry12a.o ABSOLUTE
    ../clib/microlib/init/entry.s            0x00000000   Number         0  entry8a.o ABSOLUTE
    ../clib/microlib/init/entry.s            0x00000000   Number         0  entry11a.o ABSOLUTE
    ../clib/microlib/init/entry.s            0x00000000   Number         0  entry11b.o ABSOLUTE
    ../clib/microlib/init/entry.s            0x00000000   Number         0  entry.o ABSOLUTE
    ../clib/microlib/init/entry.s            0x00000000   Number         0  entry10a.o ABSOLUTE
    ../clib/microlib/init/entry.s            0x00000000   Number         0  entry10b.o ABSOLUTE
    ../clib/microlib/init/entry.s            0x00000000   Number         0  entry8b.o ABSOLUTE
    ../clib/microlib/init/entry.s            0x00000000   Number         0  entry9a.o ABSOLUTE
    ../clib/microlib/init/entry.s            0x00000000   Number         0  entry7a.o ABSOLUTE
    ../clib/microlib/init/entry.s            0x00000000   Number         0  entry5.o ABSOLUTE
    ../clib/microlib/init/entry.s            0x00000000   Number         0  entry2.o ABSOLUTE
    ../clib/microlib/longlong.c              0x00000000   Number         0  llushr.o ABSOLUTE
    ../clib/microlib/longlong.c              0x00000000   Number         0  llshl.o ABSOLUTE
    ../clib/microlib/longlong.c              0x00000000   Number         0  llsshr.o ABSOLUTE
    ../clib/microlib/printf/printf.c         0x00000000   Number         0  printf5.o ABSOLUTE
    ../clib/microlib/printf/printf.c         0x00000000   Number         0  printf4.o ABSOLUTE
    ../clib/microlib/printf/printf.c         0x00000000   Number         0  printf1.o ABSOLUTE
    ../clib/microlib/printf/printf.c         0x00000000   Number         0  printf0.o ABSOLUTE
    ../clib/microlib/printf/printf.c         0x00000000   Number         0  printfb.o ABSOLUTE
    ../clib/microlib/printf/printf.c         0x00000000   Number         0  printf7.o ABSOLUTE
    ../clib/microlib/printf/printf.c         0x00000000   Number         0  printf3.o ABSOLUTE
    ../clib/microlib/printf/printf.c         0x00000000   Number         0  printf2.o ABSOLUTE
    ../clib/microlib/printf/printf.c         0x00000000   Number         0  printfa.o ABSOLUTE
    ../clib/microlib/printf/printf.c         0x00000000   Number         0  printf8.o ABSOLUTE
    ../clib/microlib/printf/printf.c         0x00000000   Number         0  printf6.o ABSOLUTE
    ../clib/microlib/printf/stubs.s          0x00000000   Number         0  stubs.o ABSOLUTE
    ../clib/microlib/string/memset.c         0x00000000   Number         0  memseta.o ABSOLUTE
    ../clib/microlib/stubs.s                 0x00000000   Number         0  iusefp.o ABSOLUTE
    ../clib/microlib/stubs.s                 0x00000000   Number         0  useno.o ABSOLUTE
    ../fplib/microlib/fpadd.c                0x00000000   Number         0  dadd.o ABSOLUTE
    ../fplib/microlib/fpdiv.c                0x00000000   Number         0  ddiv.o ABSOLUTE
    ../fplib/microlib/fpepilogue.c           0x00000000   Number         0  depilogue.o ABSOLUTE
    ../fplib/microlib/fpfix.c                0x00000000   Number         0  dfixul.o ABSOLUTE
    ../fplib/microlib/fpmul.c                0x00000000   Number         0  dmul.o ABSOLUTE
    ..\CMSIS\DeviceSupport\startup_stm32h750xx.s 0x00000000   Number         0  startup_stm32h750xx.o ABSOLUTE
    ..\CMSIS\DeviceSupport\system_stm32h7xx.c 0x00000000   Number         0  system_stm32h7xx.o ABSOLUTE
    ..\STM32H7xx_HAL_Driver\Src\stm32h7xx_hal.c 0x00000000   Number         0  stm32h7xx_hal.o ABSOLUTE
    ..\STM32H7xx_HAL_Driver\Src\stm32h7xx_hal_cortex.c 0x00000000   Number         0  stm32h7xx_hal_cortex.o ABSOLUTE
    ..\STM32H7xx_HAL_Driver\Src\stm32h7xx_hal_dma.c 0x00000000   Number         0  stm32h7xx_hal_dma.o ABSOLUTE
    ..\STM32H7xx_HAL_Driver\Src\stm32h7xx_hal_dma_ex.c 0x00000000   Number         0  stm32h7xx_hal_dma_ex.o ABSOLUTE
    ..\STM32H7xx_HAL_Driver\Src\stm32h7xx_hal_flash.c 0x00000000   Number         0  stm32h7xx_hal_flash.o ABSOLUTE
    ..\STM32H7xx_HAL_Driver\Src\stm32h7xx_hal_flash_ex.c 0x00000000   Number         0  stm32h7xx_hal_flash_ex.o ABSOLUTE
    ..\STM32H7xx_HAL_Driver\Src\stm32h7xx_hal_gpio.c 0x00000000   Number         0  stm32h7xx_hal_gpio.o ABSOLUTE
    ..\STM32H7xx_HAL_Driver\Src\stm32h7xx_hal_mdma.c 0x00000000   Number         0  stm32h7xx_hal_mdma.o ABSOLUTE
    ..\STM32H7xx_HAL_Driver\Src\stm32h7xx_hal_pwr.c 0x00000000   Number         0  stm32h7xx_hal_pwr.o ABSOLUTE
    ..\STM32H7xx_HAL_Driver\Src\stm32h7xx_hal_pwr_ex.c 0x00000000   Number         0  stm32h7xx_hal_pwr_ex.o ABSOLUTE
    ..\STM32H7xx_HAL_Driver\Src\stm32h7xx_hal_rcc.c 0x00000000   Number         0  stm32h7xx_hal_rcc.o ABSOLUTE
    ..\STM32H7xx_HAL_Driver\Src\stm32h7xx_hal_rcc_ex.c 0x00000000   Number         0  stm32h7xx_hal_rcc_ex.o ABSOLUTE
    ..\STM32H7xx_HAL_Driver\Src\stm32h7xx_hal_spi.c 0x00000000   Number         0  stm32h7xx_hal_spi.o ABSOLUTE
    ..\STM32H7xx_HAL_Driver\Src\stm32h7xx_hal_sram.c 0x00000000   Number         0  stm32h7xx_hal_sram.o ABSOLUTE
    ..\STM32H7xx_HAL_Driver\Src\stm32h7xx_hal_tim.c 0x00000000   Number         0  stm32h7xx_hal_tim.o ABSOLUTE
    ..\STM32H7xx_HAL_Driver\Src\stm32h7xx_hal_tim_ex.c 0x00000000   Number         0  stm32h7xx_hal_tim_ex.o ABSOLUTE
    ..\STM32H7xx_HAL_Driver\Src\stm32h7xx_hal_uart.c 0x00000000   Number         0  stm32h7xx_hal_uart.o ABSOLUTE
    ..\STM32H7xx_HAL_Driver\Src\stm32h7xx_hal_uart_ex.c 0x00000000   Number         0  stm32h7xx_hal_uart_ex.o ABSOLUTE
    ..\STM32H7xx_HAL_Driver\Src\stm32h7xx_hal_usart.c 0x00000000   Number         0  stm32h7xx_hal_usart.o ABSOLUTE
    ..\STM32H7xx_HAL_Driver\Src\stm32h7xx_ll_fmc.c 0x00000000   Number         0  stm32h7xx_ll_fmc.o ABSOLUTE
    ..\User\AD7606\AD7606.c                  0x00000000   Number         0  ad7606.o ABSOLUTE
    ..\User\KEY\key.c                        0x00000000   Number         0  key.o ABSOLUTE
    ..\User\LCD\lcd.c                        0x00000000   Number         0  lcd.o ABSOLUTE
    ..\User\LED\led.c                        0x00000000   Number         0  led.o ABSOLUTE
    ..\User\delay\delay.c                    0x00000000   Number         0  delay.o ABSOLUTE
    ..\User\stm32h7xx_it\stm32h7xx_it.c      0x00000000   Number         0  stm32h7xx_it.o ABSOLUTE
    ..\User\system\system.c                  0x00000000   Number         0  system.o ABSOLUTE
    ..\User\usart\usart.c                    0x00000000   Number         0  usart.o ABSOLUTE
    ..\\CMSIS\\DeviceSupport\\system_stm32h7xx.c 0x00000000   Number         0  system_stm32h7xx.o ABSOLUTE
    ..\\STM32H7xx_HAL_Driver\\Src\\stm32h7xx_hal.c 0x00000000   Number         0  stm32h7xx_hal.o ABSOLUTE
    ..\\STM32H7xx_HAL_Driver\\Src\\stm32h7xx_hal_cortex.c 0x00000000   Number         0  stm32h7xx_hal_cortex.o ABSOLUTE
    ..\\STM32H7xx_HAL_Driver\\Src\\stm32h7xx_hal_dma.c 0x00000000   Number         0  stm32h7xx_hal_dma.o ABSOLUTE
    ..\\STM32H7xx_HAL_Driver\\Src\\stm32h7xx_hal_dma_ex.c 0x00000000   Number         0  stm32h7xx_hal_dma_ex.o ABSOLUTE
    ..\\STM32H7xx_HAL_Driver\\Src\\stm32h7xx_hal_flash.c 0x00000000   Number         0  stm32h7xx_hal_flash.o ABSOLUTE
    ..\\STM32H7xx_HAL_Driver\\Src\\stm32h7xx_hal_flash_ex.c 0x00000000   Number         0  stm32h7xx_hal_flash_ex.o ABSOLUTE
    ..\\STM32H7xx_HAL_Driver\\Src\\stm32h7xx_hal_gpio.c 0x00000000   Number         0  stm32h7xx_hal_gpio.o ABSOLUTE
    ..\\STM32H7xx_HAL_Driver\\Src\\stm32h7xx_hal_mdma.c 0x00000000   Number         0  stm32h7xx_hal_mdma.o ABSOLUTE
    ..\\STM32H7xx_HAL_Driver\\Src\\stm32h7xx_hal_pwr.c 0x00000000   Number         0  stm32h7xx_hal_pwr.o ABSOLUTE
    ..\\STM32H7xx_HAL_Driver\\Src\\stm32h7xx_hal_pwr_ex.c 0x00000000   Number         0  stm32h7xx_hal_pwr_ex.o ABSOLUTE
    ..\\STM32H7xx_HAL_Driver\\Src\\stm32h7xx_hal_rcc.c 0x00000000   Number         0  stm32h7xx_hal_rcc.o ABSOLUTE
    ..\\STM32H7xx_HAL_Driver\\Src\\stm32h7xx_hal_rcc_ex.c 0x00000000   Number         0  stm32h7xx_hal_rcc_ex.o ABSOLUTE
    ..\\STM32H7xx_HAL_Driver\\Src\\stm32h7xx_hal_spi.c 0x00000000   Number         0  stm32h7xx_hal_spi.o ABSOLUTE
    ..\\STM32H7xx_HAL_Driver\\Src\\stm32h7xx_hal_sram.c 0x00000000   Number         0  stm32h7xx_hal_sram.o ABSOLUTE
    ..\\STM32H7xx_HAL_Driver\\Src\\stm32h7xx_hal_tim.c 0x00000000   Number         0  stm32h7xx_hal_tim.o ABSOLUTE
    ..\\STM32H7xx_HAL_Driver\\Src\\stm32h7xx_hal_tim_ex.c 0x00000000   Number         0  stm32h7xx_hal_tim_ex.o ABSOLUTE
    ..\\STM32H7xx_HAL_Driver\\Src\\stm32h7xx_hal_uart.c 0x00000000   Number         0  stm32h7xx_hal_uart.o ABSOLUTE
    ..\\STM32H7xx_HAL_Driver\\Src\\stm32h7xx_hal_uart_ex.c 0x00000000   Number         0  stm32h7xx_hal_uart_ex.o ABSOLUTE
    ..\\STM32H7xx_HAL_Driver\\Src\\stm32h7xx_hal_usart.c 0x00000000   Number         0  stm32h7xx_hal_usart.o ABSOLUTE
    ..\\STM32H7xx_HAL_Driver\\Src\\stm32h7xx_ll_fmc.c 0x00000000   Number         0  stm32h7xx_ll_fmc.o ABSOLUTE
    ..\\User\\AD7606\\AD7606.c               0x00000000   Number         0  ad7606.o ABSOLUTE
    ..\\User\\KEY\\key.c                     0x00000000   Number         0  key.o ABSOLUTE
    ..\\User\\LCD\\lcd.c                     0x00000000   Number         0  lcd.o ABSOLUTE
    ..\\User\\LED\\led.c                     0x00000000   Number         0  led.o ABSOLUTE
    ..\\User\\delay\\delay.c                 0x00000000   Number         0  delay.o ABSOLUTE
    ..\\User\\stm32h7xx_it\\stm32h7xx_it.c   0x00000000   Number         0  stm32h7xx_it.o ABSOLUTE
    ..\\User\\system\\system.c               0x00000000   Number         0  system.o ABSOLUTE
    ..\\User\\usart\\usart.c                 0x00000000   Number         0  usart.o ABSOLUTE
    cdrcmple.s                               0x00000000   Number         0  cdrcmple.o ABSOLUTE
    dc.s                                     0x00000000   Number         0  dc.o ABSOLUTE
    handlers.s                               0x00000000   Number         0  handlers.o ABSOLUTE
    init.s                                   0x00000000   Number         0  init.o ABSOLUTE
    main.c                                   0x00000000   Number         0  main.o ABSOLUTE
    main.c                                   0x00000000   Number         0  main.o ABSOLUTE
    RESET                                    0x08000000   Section      664  startup_stm32h750xx.o(RESET)
    .ARM.Collect$$$$00000000                 0x08000298   Section        0  entry.o(.ARM.Collect$$$$00000000)
    .ARM.Collect$$$$00000001                 0x08000298   Section        4  entry2.o(.ARM.Collect$$$$00000001)
    .ARM.Collect$$$$00000004                 0x0800029c   Section        4  entry5.o(.ARM.Collect$$$$00000004)
    .ARM.Collect$$$$00000008                 0x080002a0   Section        0  entry7b.o(.ARM.Collect$$$$00000008)
    .ARM.Collect$$$$0000000A                 0x080002a0   Section        0  entry8b.o(.ARM.Collect$$$$0000000A)
    .ARM.Collect$$$$0000000B                 0x080002a0   Section        8  entry9a.o(.ARM.Collect$$$$0000000B)
    .ARM.Collect$$$$0000000E                 0x080002a8   Section        4  entry12b.o(.ARM.Collect$$$$0000000E)
    .ARM.Collect$$$$0000000F                 0x080002ac   Section        0  entry10a.o(.ARM.Collect$$$$0000000F)
    .ARM.Collect$$$$00000011                 0x080002ac   Section        0  entry11a.o(.ARM.Collect$$$$00000011)
    .ARM.Collect$$$$00002712                 0x080002ac   Section        4  entry2.o(.ARM.Collect$$$$00002712)
    __lit__00000000                          0x080002ac   Data           4  entry2.o(.ARM.Collect$$$$00002712)
    .text                                    0x080002b0   Section       36  startup_stm32h750xx.o(.text)
    $v0                                      0x080002b0   Number         0  startup_stm32h750xx.o(.text)
    .text                                    0x080002d4   Section        0  uldiv.o(.text)
    .text                                    0x08000336   Section        0  memseta.o(.text)
    .text                                    0x0800035a   Section        0  uidiv.o(.text)
    .text                                    0x08000386   Section        0  llshl.o(.text)
    .text                                    0x080003a4   Section        0  llushr.o(.text)
    .text                                    0x080003c4   Section        0  dadd.o(.text)
    .text                                    0x080003c4   Section        0  iusefp.o(.text)
    .text                                    0x08000512   Section        0  dmul.o(.text)
    .text                                    0x080005f6   Section        0  ddiv.o(.text)
    .text                                    0x080006d4   Section        0  dfixul.o(.text)
    .text                                    0x08000704   Section       48  cdrcmple.o(.text)
    .text                                    0x08000734   Section       36  init.o(.text)
    .text                                    0x08000758   Section        0  llsshr.o(.text)
    .text                                    0x0800077c   Section        0  depilogue.o(.text)
    i.AD7606_Delay                           0x08000836   Section        0  ad7606.o(i.AD7606_Delay)
    i.AD7606_Init                            0x08000844   Section        0  ad7606.o(i.AD7606_Init)
    i.AD7606_RESET                           0x080008b0   Section        0  ad7606.o(i.AD7606_RESET)
    i.AD7606_ReadData                        0x080008e4   Section        0  ad7606.o(i.AD7606_ReadData)
    i.AD7606_StartConvst                     0x080008fc   Section        0  ad7606.o(i.AD7606_StartConvst)
    i.BSP_LED_Init                           0x08000938   Section        0  led.o(i.BSP_LED_Init)
    i.BusFault_Handler                       0x080009e0   Section        0  stm32h7xx_it.o(i.BusFault_Handler)
    i.CPU_CACHE_Enable                       0x080009e4   Section        0  system.o(i.CPU_CACHE_Enable)
    i.DebugMon_Handler                       0x08000a00   Section        0  stm32h7xx_it.o(i.DebugMon_Handler)
    i.FMC_NORSRAM_Extended_Timing_Init       0x08000a04   Section        0  stm32h7xx_ll_fmc.o(i.FMC_NORSRAM_Extended_Timing_Init)
    i.FMC_NORSRAM_Init                       0x08000a4c   Section        0  stm32h7xx_ll_fmc.o(i.FMC_NORSRAM_Init)
    i.FMC_NORSRAM_Timing_Init                0x08000acc   Section        0  stm32h7xx_ll_fmc.o(i.FMC_NORSRAM_Timing_Init)
    i.GPIO_AD7606_Configuration              0x08000b2c   Section        0  ad7606.o(i.GPIO_AD7606_Configuration)
    i.HAL_DMA_Abort_IT                       0x08000bec   Section        0  stm32h7xx_hal_dma.o(i.HAL_DMA_Abort_IT)
    i.HAL_GPIO_Init                          0x08000ce4   Section        0  stm32h7xx_hal_gpio.o(i.HAL_GPIO_Init)
    i.HAL_GPIO_ReadPin                       0x08000f30   Section        0  stm32h7xx_hal_gpio.o(i.HAL_GPIO_ReadPin)
    i.HAL_GPIO_TogglePin                     0x08000f40   Section        0  stm32h7xx_hal_gpio.o(i.HAL_GPIO_TogglePin)
    i.HAL_GPIO_WritePin                      0x08000f48   Section        0  stm32h7xx_hal_gpio.o(i.HAL_GPIO_WritePin)
    i.HAL_GetTick                            0x08000f54   Section        0  stm32h7xx_hal.o(i.HAL_GetTick)
    i.HAL_IncTick                            0x08000f60   Section        0  stm32h7xx_hal.o(i.HAL_IncTick)
    i.HAL_Init                               0x08000f78   Section        0  stm32h7xx_hal.o(i.HAL_Init)
    i.HAL_InitTick                           0x08000f94   Section        0  stm32h7xx_hal.o(i.HAL_InitTick)
    i.HAL_MPU_ConfigRegion                   0x08000fe0   Section        0  stm32h7xx_hal_cortex.o(i.HAL_MPU_ConfigRegion)
    i.HAL_MPU_Disable                        0x0800103c   Section        0  stm32h7xx_hal_cortex.o(i.HAL_MPU_Disable)
    i.HAL_MPU_Enable                         0x08001068   Section        0  stm32h7xx_hal_cortex.o(i.HAL_MPU_Enable)
    i.HAL_MspInit                            0x080010a8   Section        0  stm32h7xx_hal.o(i.HAL_MspInit)
    i.HAL_NVIC_EnableIRQ                     0x080010aa   Section        0  stm32h7xx_hal_cortex.o(i.HAL_NVIC_EnableIRQ)
    i.HAL_NVIC_SetPriority                   0x080010ca   Section        0  stm32h7xx_hal_cortex.o(i.HAL_NVIC_SetPriority)
    i.HAL_NVIC_SetPriorityGrouping           0x08001144   Section        0  stm32h7xx_hal_cortex.o(i.HAL_NVIC_SetPriorityGrouping)
    i.HAL_RCCEx_GetD1SysClockFreq            0x0800116c   Section        0  stm32h7xx_hal_rcc_ex.o(i.HAL_RCCEx_GetD1SysClockFreq)
    i.HAL_RCCEx_GetD3PCLK1Freq               0x080011a4   Section        0  stm32h7xx_hal_rcc_ex.o(i.HAL_RCCEx_GetD3PCLK1Freq)
    i.HAL_RCCEx_GetPLL2ClockFreq             0x080011d0   Section        0  stm32h7xx_hal_rcc_ex.o(i.HAL_RCCEx_GetPLL2ClockFreq)
    i.HAL_RCCEx_GetPLL3ClockFreq             0x080013fc   Section        0  stm32h7xx_hal_rcc_ex.o(i.HAL_RCCEx_GetPLL3ClockFreq)
    i.HAL_RCC_ClockConfig                    0x08001628   Section        0  stm32h7xx_hal_rcc.o(i.HAL_RCC_ClockConfig)
    i.HAL_RCC_GetHCLKFreq                    0x08001878   Section        0  stm32h7xx_hal_rcc.o(i.HAL_RCC_GetHCLKFreq)
    i.HAL_RCC_GetPCLK1Freq                   0x080018b0   Section        0  stm32h7xx_hal_rcc.o(i.HAL_RCC_GetPCLK1Freq)
    i.HAL_RCC_GetPCLK2Freq                   0x080018dc   Section        0  stm32h7xx_hal_rcc.o(i.HAL_RCC_GetPCLK2Freq)
    i.HAL_RCC_GetSysClockFreq                0x08001908   Section        0  stm32h7xx_hal_rcc.o(i.HAL_RCC_GetSysClockFreq)
    i.HAL_RCC_OscConfig                      0x08001b4c   Section        0  stm32h7xx_hal_rcc.o(i.HAL_RCC_OscConfig)
    i.HAL_SPI_Init                           0x08002210   Section        0  stm32h7xx_hal_spi.o(i.HAL_SPI_Init)
    i.HAL_SPI_MspInit                        0x08002474   Section        0  ad7606.o(i.HAL_SPI_MspInit)
    i.HAL_SPI_Receive                        0x080024ec   Section        0  stm32h7xx_hal_spi.o(i.HAL_SPI_Receive)
    i.HAL_SPI_TransmitReceive                0x080027c8   Section        0  stm32h7xx_hal_spi.o(i.HAL_SPI_TransmitReceive)
    i.HAL_SRAM_Init                          0x08002ba4   Section        0  stm32h7xx_hal_sram.o(i.HAL_SRAM_Init)
    i.HAL_SRAM_MspInit                       0x08002c0c   Section        0  lcd.o(i.HAL_SRAM_MspInit)
    i.HAL_SYSTICK_CLKSourceConfig            0x08002cf4   Section        0  stm32h7xx_hal_cortex.o(i.HAL_SYSTICK_CLKSourceConfig)
    i.HAL_SYSTICK_Config                     0x08002d1c   Section        0  stm32h7xx_hal_cortex.o(i.HAL_SYSTICK_Config)
    i.HAL_UARTEx_WakeupCallback              0x08002d50   Section        0  stm32h7xx_hal_uart_ex.o(i.HAL_UARTEx_WakeupCallback)
    i.HAL_UART_ErrorCallback                 0x08002d52   Section        0  stm32h7xx_hal_uart.o(i.HAL_UART_ErrorCallback)
    i.HAL_UART_GetState                      0x08002d54   Section        0  stm32h7xx_hal_uart.o(i.HAL_UART_GetState)
    i.HAL_UART_IRQHandler                    0x08002d68   Section        0  stm32h7xx_hal_uart.o(i.HAL_UART_IRQHandler)
    i.HAL_UART_Init                          0x08002f24   Section        0  stm32h7xx_hal_uart.o(i.HAL_UART_Init)
    i.HAL_UART_MspInit                       0x08002f9c   Section        0  usart.o(i.HAL_UART_MspInit)
    i.HAL_UART_Receive_IT                    0x0800304c   Section        0  stm32h7xx_hal_uart.o(i.HAL_UART_Receive_IT)
    i.HAL_UART_RxCpltCallback                0x0800312c   Section        0  usart.o(i.HAL_UART_RxCpltCallback)
    i.HAL_UART_TxCpltCallback                0x080031b4   Section        0  stm32h7xx_hal_uart.o(i.HAL_UART_TxCpltCallback)
    i.HardFault_Handler                      0x080031b6   Section        0  stm32h7xx_it.o(i.HardFault_Handler)
    i.LCD_Clear                              0x080031bc   Section        0  lcd.o(i.LCD_Clear)
    i.LCD_Display_Dir                        0x080031d8   Section        0  lcd.o(i.LCD_Display_Dir)
    i.LCD_Fast_DrawPoint                     0x0800340c   Section        0  lcd.o(i.LCD_Fast_DrawPoint)
    i.LCD_Fill                               0x080034c8   Section        0  lcd.o(i.LCD_Fill)
    i.LCD_Init                               0x08003574   Section        0  lcd.o(i.LCD_Init)
    i.LCD_RD_DATA                            0x080049bc   Section        0  lcd.o(i.LCD_RD_DATA)
    i.LCD_ReadReg                            0x080049d0   Section        0  lcd.o(i.LCD_ReadReg)
    i.LCD_SetCursor                          0x080049e8   Section        0  lcd.o(i.LCD_SetCursor)
    i.LCD_Set_Window                         0x08004a98   Section        0  lcd.o(i.LCD_Set_Window)
    i.LCD_ShowChar                           0x08004ce0   Section        0  lcd.o(i.LCD_ShowChar)
    i.LCD_ShowString                         0x08004e1c   Section        0  lcd.o(i.LCD_ShowString)
    i.LCD_WR_DATA                            0x08004e9c   Section        0  lcd.o(i.LCD_WR_DATA)
    i.LCD_WR_REG                             0x08004eb4   Section        0  lcd.o(i.LCD_WR_REG)
    i.LCD_WriteRAM                           0x08004ecc   Section        0  lcd.o(i.LCD_WriteRAM)
    i.LCD_WriteRAM_Prepare                   0x08004ed8   Section        0  lcd.o(i.LCD_WriteRAM_Prepare)
    i.LCD_WriteReg                           0x08004eec   Section        0  lcd.o(i.LCD_WriteReg)
    i.LED_Init                               0x08004efc   Section        0  led.o(i.LED_Init)
    i.MPU_Memory_Protection                  0x08004f12   Section        0  system.o(i.MPU_Memory_Protection)
    i.MPU_Set_Protection                     0x08004f44   Section        0  system.o(i.MPU_Set_Protection)
    i.MX_SPI2_Init                           0x08004fa0   Section        0  ad7606.o(i.MX_SPI2_Init)
    i.MemManage_Handler                      0x08005010   Section        0  stm32h7xx_it.o(i.MemManage_Handler)
    i.NMI_Handler                            0x08005014   Section        0  stm32h7xx_it.o(i.NMI_Handler)
    i.PendSV_Handler                         0x08005016   Section        0  stm32h7xx_it.o(i.PendSV_Handler)
    i.SCB_EnableDCache                       0x08005018   Section        0  system.o(i.SCB_EnableDCache)
    SCB_EnableDCache                         0x08005019   Thumb Code   148  system.o(i.SCB_EnableDCache)
    i.SCB_EnableICache                       0x080050b4   Section        0  system.o(i.SCB_EnableICache)
    SCB_EnableICache                         0x080050b5   Thumb Code   116  system.o(i.SCB_EnableICache)
    i.SPI_CloseTransfer                      0x08005130   Section        0  stm32h7xx_hal_spi.o(i.SPI_CloseTransfer)
    SPI_CloseTransfer                        0x08005131   Thumb Code   252  stm32h7xx_hal_spi.o(i.SPI_CloseTransfer)
    i.SPI_GetPacketSize                      0x0800522c   Section        0  stm32h7xx_hal_spi.o(i.SPI_GetPacketSize)
    SPI_GetPacketSize                        0x0800522d   Thumb Code    26  stm32h7xx_hal_spi.o(i.SPI_GetPacketSize)
    i.SPI_WaitOnFlagUntilTimeout             0x08005246   Section        0  stm32h7xx_hal_spi.o(i.SPI_WaitOnFlagUntilTimeout)
    SPI_WaitOnFlagUntilTimeout               0x08005247   Thumb Code    64  stm32h7xx_hal_spi.o(i.SPI_WaitOnFlagUntilTimeout)
    i.SVC_Handler                            0x08005286   Section        0  stm32h7xx_it.o(i.SVC_Handler)
    i.SysTick_Handler                        0x08005288   Section        0  stm32h7xx_it.o(i.SysTick_Handler)
    i.SysTick_clkconfig                      0x08005290   Section        0  delay.o(i.SysTick_clkconfig)
    i.SystemClock_Config                     0x080052a4   Section        0  system.o(i.SystemClock_Config)
    i.SystemInit                             0x08005368   Section        0  system_stm32h7xx.o(i.SystemInit)
    i.UART_AdvFeatureConfig                  0x080053fc   Section        0  stm32h7xx_hal_uart.o(i.UART_AdvFeatureConfig)
    i.UART_CheckIdleState                    0x080054e6   Section        0  stm32h7xx_hal_uart.o(i.UART_CheckIdleState)
    i.UART_DMAAbortOnError                   0x0800555a   Section        0  stm32h7xx_hal_uart.o(i.UART_DMAAbortOnError)
    UART_DMAAbortOnError                     0x0800555b   Thumb Code    24  stm32h7xx_hal_uart.o(i.UART_DMAAbortOnError)
    i.UART_EndRxTransfer                     0x08005572   Section        0  stm32h7xx_hal_uart.o(i.UART_EndRxTransfer)
    UART_EndRxTransfer                       0x08005573   Thumb Code    32  stm32h7xx_hal_uart.o(i.UART_EndRxTransfer)
    i.UART_EndTransmit_IT                    0x08005592   Section        0  stm32h7xx_hal_uart.o(i.UART_EndTransmit_IT)
    UART_EndTransmit_IT                      0x08005593   Thumb Code    32  stm32h7xx_hal_uart.o(i.UART_EndTransmit_IT)
    i.UART_Receive_IT                        0x080055b2   Section        0  stm32h7xx_hal_uart.o(i.UART_Receive_IT)
    UART_Receive_IT                          0x080055b3   Thumb Code   138  stm32h7xx_hal_uart.o(i.UART_Receive_IT)
    i.UART_SetConfig                         0x0800563c   Section        0  stm32h7xx_hal_uart.o(i.UART_SetConfig)
    i.UART_Transmit_IT                       0x08005fe0   Section        0  stm32h7xx_hal_uart.o(i.UART_Transmit_IT)
    UART_Transmit_IT                         0x08005fe1   Thumb Code   130  stm32h7xx_hal_uart.o(i.UART_Transmit_IT)
    i.UART_WaitOnFlagUntilTimeout            0x08006062   Section        0  stm32h7xx_hal_uart.o(i.UART_WaitOnFlagUntilTimeout)
    i.USART1_IRQHandler                      0x080060d0   Section        0  usart.o(i.USART1_IRQHandler)
    i.UsageFault_Handler                     0x08006120   Section        0  stm32h7xx_it.o(i.UsageFault_Handler)
    i.__0printf                              0x08006124   Section        0  printfa.o(i.__0printf)
    i.__0sprintf                             0x08006144   Section        0  printfa.o(i.__0sprintf)
    i.__NVIC_GetPriorityGrouping             0x0800616c   Section        0  stm32h7xx_hal_cortex.o(i.__NVIC_GetPriorityGrouping)
    __NVIC_GetPriorityGrouping               0x0800616d   Thumb Code    10  stm32h7xx_hal_cortex.o(i.__NVIC_GetPriorityGrouping)
    i.__NVIC_SetPriority                     0x0800617c   Section        0  stm32h7xx_hal_cortex.o(i.__NVIC_SetPriority)
    __NVIC_SetPriority                       0x0800617d   Thumb Code    32  stm32h7xx_hal_cortex.o(i.__NVIC_SetPriority)
    i.__scatterload_copy                     0x080061a4   Section       14  handlers.o(i.__scatterload_copy)
    i.__scatterload_null                     0x080061b2   Section        2  handlers.o(i.__scatterload_null)
    i.__scatterload_zeroinit                 0x080061b4   Section       14  handlers.o(i.__scatterload_zeroinit)
    i._fp_digits                             0x080061c4   Section        0  printfa.o(i._fp_digits)
    _fp_digits                               0x080061c5   Thumb Code   366  printfa.o(i._fp_digits)
    i._printf_core                           0x08006348   Section        0  printfa.o(i._printf_core)
    _printf_core                             0x08006349   Thumb Code  1704  printfa.o(i._printf_core)
    i._printf_post_padding                   0x080069fc   Section        0  printfa.o(i._printf_post_padding)
    _printf_post_padding                     0x080069fd   Thumb Code    36  printfa.o(i._printf_post_padding)
    i._printf_pre_padding                    0x08006a20   Section        0  printfa.o(i._printf_pre_padding)
    _printf_pre_padding                      0x08006a21   Thumb Code    46  printfa.o(i._printf_pre_padding)
    i._sputc                                 0x08006a4e   Section        0  printfa.o(i._sputc)
    _sputc                                   0x08006a4f   Thumb Code    10  printfa.o(i._sputc)
    i.delay_ms                               0x08006a58   Section        0  delay.o(i.delay_ms)
    i.delay_us                               0x08006a70   Section        0  delay.o(i.delay_us)
    i.fputc                                  0x08006ab8   Section        0  usart.o(i.fputc)
    i.main                                   0x08006ad4   Section        0  main.o(i.main)
    i.uart_init                              0x08006cd8   Section        0  usart.o(i.uart_init)
    .constdata                               0x08006d10   Section       64  system_stm32h7xx.o(.constdata)
    UARTPrescTable                           0x08006d10   Data          24  system_stm32h7xx.o(.constdata)
    USARTPrescTable                          0x08006d28   Data          24  system_stm32h7xx.o(.constdata)
    .constdata                               0x08006d50   Section       54  led.o(.constdata)
    UARTPrescTable                           0x08006d50   Data          24  led.o(.constdata)
    USARTPrescTable                          0x08006d68   Data          24  led.o(.constdata)
    .constdata                               0x08006d86   Section    18288  lcd.o(.constdata)
    UARTPrescTable                           0x08006d86   Data          24  lcd.o(.constdata)
    USARTPrescTable                          0x08006d9e   Data          24  lcd.o(.constdata)
    .constdata                               0x0800b4f6   Section       48  stm32h7xx_hal_uart.o(.constdata)
    UARTPrescTable                           0x0800b4f6   Data          24  stm32h7xx_hal_uart.o(.constdata)
    USARTPrescTable                          0x0800b50e   Data          24  stm32h7xx_hal_uart.o(.constdata)
    .data                                    0x24000000   Section        8  system_stm32h7xx.o(.data)
    .data                                    0x24000008   Section       12  led.o(.data)
    .data                                    0x24000014   Section        4  delay.o(.data)
    fac_us                                   0x24000014   Data           4  delay.o(.data)
    .data                                    0x24000018   Section        8  lcd.o(.data)
    .data                                    0x24000020   Section        8  usart.o(.data)
    .data                                    0x24000028   Section        9  stm32h7xx_hal.o(.data)
    uwTick                                   0x24000028   Data           4  stm32h7xx_hal.o(.data)
    uwTickPrio                               0x2400002c   Data           4  stm32h7xx_hal.o(.data)
    uwTickFreq                               0x24000030   Data           1  stm32h7xx_hal.o(.data)
    .bss                                     0x24000034   Section       92  lcd.o(.bss)
    .bss                                     0x24000090   Section      328  usart.o(.bss)
    .bss                                     0x240001d8   Section      136  ad7606.o(.bss)
    STACK                                    0x24000260   Section     1024  startup_stm32h750xx.o(STACK)

    Global Symbols

    Symbol Name                              Value     Ov Type        Size  Object(Section)

    BuildAttributes$$THM_ISAv4$E$P$D$K$B$S$7EM$VFPv5_D16$PE$PLD8$A:L22UL41UL21$X:L11$S22US41US21$IEEE1$IW$USESV6$~STKCKD$USESV7$~SHL$OSPACE$ROPI$EBA8$MICROLIB$REQ8$PRES8$EABIv2 0x00000000   Number         0  anon$$obj.o ABSOLUTE
    __ARM_use_no_argv                        0x00000000   Number         0  main.o ABSOLUTE
    __use_no_errno                           0x00000000   Number         0  useno.o ABSOLUTE
    __use_no_exception_handling              0x00000000   Number         0  useno.o ABSOLUTE
    __use_no_fp                              0x00000000   Number         0  useno.o ABSOLUTE
    __use_no_heap                            0x00000000   Number         0  useno.o ABSOLUTE
    __use_no_heap_region                     0x00000000   Number         0  useno.o ABSOLUTE
    __use_no_semihosting                     0x00000000   Number         0  useno.o ABSOLUTE
    __use_no_semihosting_swi                 0x00000000   Number         0  useno.o ABSOLUTE
    __use_no_signal_handling                 0x00000000   Number         0  useno.o ABSOLUTE
    _printf_a                                0x00000000   Number         0  stubs.o ABSOLUTE
    _printf_c                                0x00000000   Number         0  stubs.o ABSOLUTE
    _printf_charcount                        0x00000000   Number         0  stubs.o ABSOLUTE
    _printf_d                                0x00000000   Number         0  stubs.o ABSOLUTE
    _printf_e                                0x00000000   Number         0  stubs.o ABSOLUTE
    _printf_f                                0x00000000   Number         0  stubs.o ABSOLUTE
    _printf_flags                            0x00000000   Number         0  stubs.o ABSOLUTE
    _printf_fp_dec                           0x00000000   Number         0  stubs.o ABSOLUTE
    _printf_fp_hex                           0x00000000   Number         0  stubs.o ABSOLUTE
    _printf_g                                0x00000000   Number         0  stubs.o ABSOLUTE
    _printf_i                                0x00000000   Number         0  stubs.o ABSOLUTE
    _printf_int_dec                          0x00000000   Number         0  stubs.o ABSOLUTE
    _printf_l                                0x00000000   Number         0  stubs.o ABSOLUTE
    _printf_lc                               0x00000000   Number         0  stubs.o ABSOLUTE
    _printf_ll                               0x00000000   Number         0  stubs.o ABSOLUTE
    _printf_lld                              0x00000000   Number         0  stubs.o ABSOLUTE
    _printf_lli                              0x00000000   Number         0  stubs.o ABSOLUTE
    _printf_llo                              0x00000000   Number         0  stubs.o ABSOLUTE
    _printf_llu                              0x00000000   Number         0  stubs.o ABSOLUTE
    _printf_llx                              0x00000000   Number         0  stubs.o ABSOLUTE
    _printf_longlong_dec                     0x00000000   Number         0  stubs.o ABSOLUTE
    _printf_longlong_hex                     0x00000000   Number         0  stubs.o ABSOLUTE
    _printf_longlong_oct                     0x00000000   Number         0  stubs.o ABSOLUTE
    _printf_ls                               0x00000000   Number         0  stubs.o ABSOLUTE
    _printf_mbtowc                           0x00000000   Number         0  stubs.o ABSOLUTE
    _printf_n                                0x00000000   Number         0  stubs.o ABSOLUTE
    _printf_o                                0x00000000   Number         0  stubs.o ABSOLUTE
    _printf_p                                0x00000000   Number         0  stubs.o ABSOLUTE
    _printf_percent                          0x00000000   Number         0  stubs.o ABSOLUTE
    _printf_pre_padding                      0x00000000   Number         0  stubs.o ABSOLUTE
    _printf_return_value                     0x00000000   Number         0  stubs.o ABSOLUTE
    _printf_s                                0x00000000   Number         0  stubs.o ABSOLUTE
    _printf_sizespec                         0x00000000   Number         0  stubs.o ABSOLUTE
    _printf_str                              0x00000000   Number         0  stubs.o ABSOLUTE
    _printf_truncate_signed                  0x00000000   Number         0  stubs.o ABSOLUTE
    _printf_truncate_unsigned                0x00000000   Number         0  stubs.o ABSOLUTE
    _printf_u                                0x00000000   Number         0  stubs.o ABSOLUTE
    _printf_wc                               0x00000000   Number         0  stubs.o ABSOLUTE
    _printf_wctomb                           0x00000000   Number         0  stubs.o ABSOLUTE
    _printf_widthprec                        0x00000000   Number         0  stubs.o ABSOLUTE
    _printf_x                                0x00000000   Number         0  stubs.o ABSOLUTE
    __arm_fini_                               - Undefined Weak Reference
    __cpp_initialize__aeabi_                  - Undefined Weak Reference
    __cxa_finalize                            - Undefined Weak Reference
    __decompress                              - Undefined Weak Reference
    _clock_init                               - Undefined Weak Reference
    _microlib_exit                            - Undefined Weak Reference
    __Vectors_Size                           0x00000298   Number         0  startup_stm32h750xx.o ABSOLUTE
    __Vectors                                0x08000000   Data           4  startup_stm32h750xx.o(RESET)
    __Vectors_End                            0x08000298   Data           0  startup_stm32h750xx.o(RESET)
    __main                                   0x08000299   Thumb Code     0  entry.o(.ARM.Collect$$$$00000000)
    _main_stk                                0x08000299   Thumb Code     0  entry2.o(.ARM.Collect$$$$00000001)
    _main_scatterload                        0x0800029d   Thumb Code     0  entry5.o(.ARM.Collect$$$$00000004)
    __main_after_scatterload                 0x080002a1   Thumb Code     0  entry5.o(.ARM.Collect$$$$00000004)
    _main_clock                              0x080002a1   Thumb Code     0  entry7b.o(.ARM.Collect$$$$00000008)
    _main_cpp_init                           0x080002a1   Thumb Code     0  entry8b.o(.ARM.Collect$$$$0000000A)
    _main_init                               0x080002a1   Thumb Code     0  entry9a.o(.ARM.Collect$$$$0000000B)
    __rt_lib_shutdown_fini                   0x080002a9   Thumb Code     0  entry12b.o(.ARM.Collect$$$$0000000E)
    __rt_final_cpp                           0x080002ad   Thumb Code     0  entry10a.o(.ARM.Collect$$$$0000000F)
    __rt_final_exit                          0x080002ad   Thumb Code     0  entry11a.o(.ARM.Collect$$$$00000011)
    Reset_Handler                            0x080002b1   Thumb Code     8  startup_stm32h750xx.o(.text)
    ADC3_IRQHandler                          0x080002cb   Thumb Code     0  startup_stm32h750xx.o(.text)
    ADC_IRQHandler                           0x080002cb   Thumb Code     0  startup_stm32h750xx.o(.text)
    BDMA_Channel0_IRQHandler                 0x080002cb   Thumb Code     0  startup_stm32h750xx.o(.text)
    BDMA_Channel1_IRQHandler                 0x080002cb   Thumb Code     0  startup_stm32h750xx.o(.text)
    BDMA_Channel2_IRQHandler                 0x080002cb   Thumb Code     0  startup_stm32h750xx.o(.text)
    BDMA_Channel3_IRQHandler                 0x080002cb   Thumb Code     0  startup_stm32h750xx.o(.text)
    BDMA_Channel4_IRQHandler                 0x080002cb   Thumb Code     0  startup_stm32h750xx.o(.text)
    BDMA_Channel5_IRQHandler                 0x080002cb   Thumb Code     0  startup_stm32h750xx.o(.text)
    BDMA_Channel6_IRQHandler                 0x080002cb   Thumb Code     0  startup_stm32h750xx.o(.text)
    BDMA_Channel7_IRQHandler                 0x080002cb   Thumb Code     0  startup_stm32h750xx.o(.text)
    CEC_IRQHandler                           0x080002cb   Thumb Code     0  startup_stm32h750xx.o(.text)
    COMP1_IRQHandler                         0x080002cb   Thumb Code     0  startup_stm32h750xx.o(.text)
    CRS_IRQHandler                           0x080002cb   Thumb Code     0  startup_stm32h750xx.o(.text)
    CRYP_IRQHandler                          0x080002cb   Thumb Code     0  startup_stm32h750xx.o(.text)
    DCMI_IRQHandler                          0x080002cb   Thumb Code     0  startup_stm32h750xx.o(.text)
    DFSDM1_FLT0_IRQHandler                   0x080002cb   Thumb Code     0  startup_stm32h750xx.o(.text)
    DFSDM1_FLT1_IRQHandler                   0x080002cb   Thumb Code     0  startup_stm32h750xx.o(.text)
    DFSDM1_FLT2_IRQHandler                   0x080002cb   Thumb Code     0  startup_stm32h750xx.o(.text)
    DFSDM1_FLT3_IRQHandler                   0x080002cb   Thumb Code     0  startup_stm32h750xx.o(.text)
    DMA1_Stream0_IRQHandler                  0x080002cb   Thumb Code     0  startup_stm32h750xx.o(.text)
    DMA1_Stream1_IRQHandler                  0x080002cb   Thumb Code     0  startup_stm32h750xx.o(.text)
    DMA1_Stream2_IRQHandler                  0x080002cb   Thumb Code     0  startup_stm32h750xx.o(.text)
    DMA1_Stream3_IRQHandler                  0x080002cb   Thumb Code     0  startup_stm32h750xx.o(.text)
    DMA1_Stream4_IRQHandler                  0x080002cb   Thumb Code     0  startup_stm32h750xx.o(.text)
    DMA1_Stream5_IRQHandler                  0x080002cb   Thumb Code     0  startup_stm32h750xx.o(.text)
    DMA1_Stream6_IRQHandler                  0x080002cb   Thumb Code     0  startup_stm32h750xx.o(.text)
    DMA1_Stream7_IRQHandler                  0x080002cb   Thumb Code     0  startup_stm32h750xx.o(.text)
    DMA2D_IRQHandler                         0x080002cb   Thumb Code     0  startup_stm32h750xx.o(.text)
    DMA2_Stream0_IRQHandler                  0x080002cb   Thumb Code     0  startup_stm32h750xx.o(.text)
    DMA2_Stream1_IRQHandler                  0x080002cb   Thumb Code     0  startup_stm32h750xx.o(.text)
    DMA2_Stream2_IRQHandler                  0x080002cb   Thumb Code     0  startup_stm32h750xx.o(.text)
    DMA2_Stream3_IRQHandler                  0x080002cb   Thumb Code     0  startup_stm32h750xx.o(.text)
    DMA2_Stream4_IRQHandler                  0x080002cb   Thumb Code     0  startup_stm32h750xx.o(.text)
    DMA2_Stream5_IRQHandler                  0x080002cb   Thumb Code     0  startup_stm32h750xx.o(.text)
    DMA2_Stream6_IRQHandler                  0x080002cb   Thumb Code     0  startup_stm32h750xx.o(.text)
    DMA2_Stream7_IRQHandler                  0x080002cb   Thumb Code     0  startup_stm32h750xx.o(.text)
    DMAMUX1_OVR_IRQHandler                   0x080002cb   Thumb Code     0  startup_stm32h750xx.o(.text)
    DMAMUX2_OVR_IRQHandler                   0x080002cb   Thumb Code     0  startup_stm32h750xx.o(.text)
    ETH_IRQHandler                           0x080002cb   Thumb Code     0  startup_stm32h750xx.o(.text)
    ETH_WKUP_IRQHandler                      0x080002cb   Thumb Code     0  startup_stm32h750xx.o(.text)
    EXTI0_IRQHandler                         0x080002cb   Thumb Code     0  startup_stm32h750xx.o(.text)
    EXTI15_10_IRQHandler                     0x080002cb   Thumb Code     0  startup_stm32h750xx.o(.text)
    EXTI1_IRQHandler                         0x080002cb   Thumb Code     0  startup_stm32h750xx.o(.text)
    EXTI2_IRQHandler                         0x080002cb   Thumb Code     0  startup_stm32h750xx.o(.text)
    EXTI3_IRQHandler                         0x080002cb   Thumb Code     0  startup_stm32h750xx.o(.text)
    EXTI4_IRQHandler                         0x080002cb   Thumb Code     0  startup_stm32h750xx.o(.text)
    EXTI9_5_IRQHandler                       0x080002cb   Thumb Code     0  startup_stm32h750xx.o(.text)
    FDCAN1_IT0_IRQHandler                    0x080002cb   Thumb Code     0  startup_stm32h750xx.o(.text)
    FDCAN1_IT1_IRQHandler                    0x080002cb   Thumb Code     0  startup_stm32h750xx.o(.text)
    FDCAN2_IT0_IRQHandler                    0x080002cb   Thumb Code     0  startup_stm32h750xx.o(.text)
    FDCAN2_IT1_IRQHandler                    0x080002cb   Thumb Code     0  startup_stm32h750xx.o(.text)
    FDCAN_CAL_IRQHandler                     0x080002cb   Thumb Code     0  startup_stm32h750xx.o(.text)
    FLASH_IRQHandler                         0x080002cb   Thumb Code     0  startup_stm32h750xx.o(.text)
    FMC_IRQHandler                           0x080002cb   Thumb Code     0  startup_stm32h750xx.o(.text)
    FPU_IRQHandler                           0x080002cb   Thumb Code     0  startup_stm32h750xx.o(.text)
    HASH_RNG_IRQHandler                      0x080002cb   Thumb Code     0  startup_stm32h750xx.o(.text)
    HRTIM1_FLT_IRQHandler                    0x080002cb   Thumb Code     0  startup_stm32h750xx.o(.text)
    HRTIM1_Master_IRQHandler                 0x080002cb   Thumb Code     0  startup_stm32h750xx.o(.text)
    HRTIM1_TIMA_IRQHandler                   0x080002cb   Thumb Code     0  startup_stm32h750xx.o(.text)
    HRTIM1_TIMB_IRQHandler                   0x080002cb   Thumb Code     0  startup_stm32h750xx.o(.text)
    HRTIM1_TIMC_IRQHandler                   0x080002cb   Thumb Code     0  startup_stm32h750xx.o(.text)
    HRTIM1_TIMD_IRQHandler                   0x080002cb   Thumb Code     0  startup_stm32h750xx.o(.text)
    HRTIM1_TIME_IRQHandler                   0x080002cb   Thumb Code     0  startup_stm32h750xx.o(.text)
    HSEM1_IRQHandler                         0x080002cb   Thumb Code     0  startup_stm32h750xx.o(.text)
    I2C1_ER_IRQHandler                       0x080002cb   Thumb Code     0  startup_stm32h750xx.o(.text)
    I2C1_EV_IRQHandler                       0x080002cb   Thumb Code     0  startup_stm32h750xx.o(.text)
    I2C2_ER_IRQHandler                       0x080002cb   Thumb Code     0  startup_stm32h750xx.o(.text)
    I2C2_EV_IRQHandler                       0x080002cb   Thumb Code     0  startup_stm32h750xx.o(.text)
    I2C3_ER_IRQHandler                       0x080002cb   Thumb Code     0  startup_stm32h750xx.o(.text)
    I2C3_EV_IRQHandler                       0x080002cb   Thumb Code     0  startup_stm32h750xx.o(.text)
    I2C4_ER_IRQHandler                       0x080002cb   Thumb Code     0  startup_stm32h750xx.o(.text)
    I2C4_EV_IRQHandler                       0x080002cb   Thumb Code     0  startup_stm32h750xx.o(.text)
    JPEG_IRQHandler                          0x080002cb   Thumb Code     0  startup_stm32h750xx.o(.text)
    LPTIM1_IRQHandler                        0x080002cb   Thumb Code     0  startup_stm32h750xx.o(.text)
    LPTIM2_IRQHandler                        0x080002cb   Thumb Code     0  startup_stm32h750xx.o(.text)
    LPTIM3_IRQHandler                        0x080002cb   Thumb Code     0  startup_stm32h750xx.o(.text)
    LPTIM4_IRQHandler                        0x080002cb   Thumb Code     0  startup_stm32h750xx.o(.text)
    LPTIM5_IRQHandler                        0x080002cb   Thumb Code     0  startup_stm32h750xx.o(.text)
    LPUART1_IRQHandler                       0x080002cb   Thumb Code     0  startup_stm32h750xx.o(.text)
    LTDC_ER_IRQHandler                       0x080002cb   Thumb Code     0  startup_stm32h750xx.o(.text)
    LTDC_IRQHandler                          0x080002cb   Thumb Code     0  startup_stm32h750xx.o(.text)
    MDIOS_IRQHandler                         0x080002cb   Thumb Code     0  startup_stm32h750xx.o(.text)
    MDIOS_WKUP_IRQHandler                    0x080002cb   Thumb Code     0  startup_stm32h750xx.o(.text)
    MDMA_IRQHandler                          0x080002cb   Thumb Code     0  startup_stm32h750xx.o(.text)
    OTG_FS_EP1_IN_IRQHandler                 0x080002cb   Thumb Code     0  startup_stm32h750xx.o(.text)
    OTG_FS_EP1_OUT_IRQHandler                0x080002cb   Thumb Code     0  startup_stm32h750xx.o(.text)
    OTG_FS_IRQHandler                        0x080002cb   Thumb Code     0  startup_stm32h750xx.o(.text)
    OTG_FS_WKUP_IRQHandler                   0x080002cb   Thumb Code     0  startup_stm32h750xx.o(.text)
    OTG_HS_EP1_IN_IRQHandler                 0x080002cb   Thumb Code     0  startup_stm32h750xx.o(.text)
    OTG_HS_EP1_OUT_IRQHandler                0x080002cb   Thumb Code     0  startup_stm32h750xx.o(.text)
    OTG_HS_IRQHandler                        0x080002cb   Thumb Code     0  startup_stm32h750xx.o(.text)
    OTG_HS_WKUP_IRQHandler                   0x080002cb   Thumb Code     0  startup_stm32h750xx.o(.text)
    PVD_AVD_IRQHandler                       0x080002cb   Thumb Code     0  startup_stm32h750xx.o(.text)
    QUADSPI_IRQHandler                       0x080002cb   Thumb Code     0  startup_stm32h750xx.o(.text)
    RCC_IRQHandler                           0x080002cb   Thumb Code     0  startup_stm32h750xx.o(.text)
    RTC_Alarm_IRQHandler                     0x080002cb   Thumb Code     0  startup_stm32h750xx.o(.text)
    RTC_WKUP_IRQHandler                      0x080002cb   Thumb Code     0  startup_stm32h750xx.o(.text)
    SAI1_IRQHandler                          0x080002cb   Thumb Code     0  startup_stm32h750xx.o(.text)
    SAI2_IRQHandler                          0x080002cb   Thumb Code     0  startup_stm32h750xx.o(.text)
    SAI3_IRQHandler                          0x080002cb   Thumb Code     0  startup_stm32h750xx.o(.text)
    SAI4_IRQHandler                          0x080002cb   Thumb Code     0  startup_stm32h750xx.o(.text)
    SDMMC1_IRQHandler                        0x080002cb   Thumb Code     0  startup_stm32h750xx.o(.text)
    SDMMC2_IRQHandler                        0x080002cb   Thumb Code     0  startup_stm32h750xx.o(.text)
    SPDIF_RX_IRQHandler                      0x080002cb   Thumb Code     0  startup_stm32h750xx.o(.text)
    SPI1_IRQHandler                          0x080002cb   Thumb Code     0  startup_stm32h750xx.o(.text)
    SPI2_IRQHandler                          0x080002cb   Thumb Code     0  startup_stm32h750xx.o(.text)
    SPI3_IRQHandler                          0x080002cb   Thumb Code     0  startup_stm32h750xx.o(.text)
    SPI4_IRQHandler                          0x080002cb   Thumb Code     0  startup_stm32h750xx.o(.text)
    SPI5_IRQHandler                          0x080002cb   Thumb Code     0  startup_stm32h750xx.o(.text)
    SPI6_IRQHandler                          0x080002cb   Thumb Code     0  startup_stm32h750xx.o(.text)
    SWPMI1_IRQHandler                        0x080002cb   Thumb Code     0  startup_stm32h750xx.o(.text)
    TAMP_STAMP_IRQHandler                    0x080002cb   Thumb Code     0  startup_stm32h750xx.o(.text)
    TIM15_IRQHandler                         0x080002cb   Thumb Code     0  startup_stm32h750xx.o(.text)
    TIM16_IRQHandler                         0x080002cb   Thumb Code     0  startup_stm32h750xx.o(.text)
    TIM17_IRQHandler                         0x080002cb   Thumb Code     0  startup_stm32h750xx.o(.text)
    TIM1_BRK_IRQHandler                      0x080002cb   Thumb Code     0  startup_stm32h750xx.o(.text)
    TIM1_CC_IRQHandler                       0x080002cb   Thumb Code     0  startup_stm32h750xx.o(.text)
    TIM1_TRG_COM_IRQHandler                  0x080002cb   Thumb Code     0  startup_stm32h750xx.o(.text)
    TIM1_UP_IRQHandler                       0x080002cb   Thumb Code     0  startup_stm32h750xx.o(.text)
    TIM2_IRQHandler                          0x080002cb   Thumb Code     0  startup_stm32h750xx.o(.text)
    TIM3_IRQHandler                          0x080002cb   Thumb Code     0  startup_stm32h750xx.o(.text)
    TIM4_IRQHandler                          0x080002cb   Thumb Code     0  startup_stm32h750xx.o(.text)
    TIM5_IRQHandler                          0x080002cb   Thumb Code     0  startup_stm32h750xx.o(.text)
    TIM6_DAC_IRQHandler                      0x080002cb   Thumb Code     0  startup_stm32h750xx.o(.text)
    TIM7_IRQHandler                          0x080002cb   Thumb Code     0  startup_stm32h750xx.o(.text)
    TIM8_BRK_TIM12_IRQHandler                0x080002cb   Thumb Code     0  startup_stm32h750xx.o(.text)
    TIM8_CC_IRQHandler                       0x080002cb   Thumb Code     0  startup_stm32h750xx.o(.text)
    TIM8_TRG_COM_TIM14_IRQHandler            0x080002cb   Thumb Code     0  startup_stm32h750xx.o(.text)
    TIM8_UP_TIM13_IRQHandler                 0x080002cb   Thumb Code     0  startup_stm32h750xx.o(.text)
    UART4_IRQHandler                         0x080002cb   Thumb Code     0  startup_stm32h750xx.o(.text)
    UART5_IRQHandler                         0x080002cb   Thumb Code     0  startup_stm32h750xx.o(.text)
    UART7_IRQHandler                         0x080002cb   Thumb Code     0  startup_stm32h750xx.o(.text)
    UART8_IRQHandler                         0x080002cb   Thumb Code     0  startup_stm32h750xx.o(.text)
    USART2_IRQHandler                        0x080002cb   Thumb Code     0  startup_stm32h750xx.o(.text)
    USART3_IRQHandler                        0x080002cb   Thumb Code     0  startup_stm32h750xx.o(.text)
    USART6_IRQHandler                        0x080002cb   Thumb Code     0  startup_stm32h750xx.o(.text)
    WAKEUP_PIN_IRQHandler                    0x080002cb   Thumb Code     0  startup_stm32h750xx.o(.text)
    WWDG_IRQHandler                          0x080002cb   Thumb Code     0  startup_stm32h750xx.o(.text)
    __aeabi_uldivmod                         0x080002d5   Thumb Code    98  uldiv.o(.text)
    __aeabi_memset                           0x08000337   Thumb Code    14  memseta.o(.text)
    __aeabi_memset4                          0x08000337   Thumb Code     0  memseta.o(.text)
    __aeabi_memset8                          0x08000337   Thumb Code     0  memseta.o(.text)
    __aeabi_memclr                           0x08000345   Thumb Code     4  memseta.o(.text)
    __aeabi_memclr4                          0x08000345   Thumb Code     0  memseta.o(.text)
    __aeabi_memclr8                          0x08000345   Thumb Code     0  memseta.o(.text)
    _memset$wrapper                          0x08000349   Thumb Code    18  memseta.o(.text)
    __aeabi_uidiv                            0x0800035b   Thumb Code     0  uidiv.o(.text)
    __aeabi_uidivmod                         0x0800035b   Thumb Code    44  uidiv.o(.text)
    __aeabi_llsl                             0x08000387   Thumb Code    30  llshl.o(.text)
    _ll_shift_l                              0x08000387   Thumb Code     0  llshl.o(.text)
    __aeabi_llsr                             0x080003a5   Thumb Code    32  llushr.o(.text)
    _ll_ushift_r                             0x080003a5   Thumb Code     0  llushr.o(.text)
    __I$use$fp                               0x080003c5   Thumb Code     0  iusefp.o(.text)
    __aeabi_dadd                             0x080003c5   Thumb Code   322  dadd.o(.text)
    __aeabi_dsub                             0x08000507   Thumb Code     6  dadd.o(.text)
    __aeabi_drsub                            0x0800050d   Thumb Code     6  dadd.o(.text)
    __aeabi_dmul                             0x08000513   Thumb Code   228  dmul.o(.text)
    __aeabi_ddiv                             0x080005f7   Thumb Code   222  ddiv.o(.text)
    __aeabi_d2ulz                            0x080006d5   Thumb Code    48  dfixul.o(.text)
    __aeabi_cdrcmple                         0x08000705   Thumb Code    48  cdrcmple.o(.text)
    __scatterload                            0x08000735   Thumb Code    28  init.o(.text)
    __scatterload_rt2                        0x08000735   Thumb Code     0  init.o(.text)
    __aeabi_lasr                             0x08000759   Thumb Code    36  llsshr.o(.text)
    _ll_sshift_r                             0x08000759   Thumb Code     0  llsshr.o(.text)
    _double_round                            0x0800077d   Thumb Code    30  depilogue.o(.text)
    _double_epilogue                         0x0800079b   Thumb Code   156  depilogue.o(.text)
    AD7606_Delay                             0x08000837   Thumb Code    12  ad7606.o(i.AD7606_Delay)
    AD7606_Init                              0x08000845   Thumb Code   102  ad7606.o(i.AD7606_Init)
    AD7606_RESET                             0x080008b1   Thumb Code    46  ad7606.o(i.AD7606_RESET)
    AD7606_ReadData                          0x080008e5   Thumb Code    20  ad7606.o(i.AD7606_ReadData)
    AD7606_StartConvst                       0x080008fd   Thumb Code    56  ad7606.o(i.AD7606_StartConvst)
    BSP_LED_Init                             0x08000939   Thumb Code   156  led.o(i.BSP_LED_Init)
    BusFault_Handler                         0x080009e1   Thumb Code     4  stm32h7xx_it.o(i.BusFault_Handler)
    CPU_CACHE_Enable                         0x080009e5   Thumb Code    24  system.o(i.CPU_CACHE_Enable)
    DebugMon_Handler                         0x08000a01   Thumb Code     2  stm32h7xx_it.o(i.DebugMon_Handler)
    FMC_NORSRAM_Extended_Timing_Init         0x08000a05   Thumb Code    66  stm32h7xx_ll_fmc.o(i.FMC_NORSRAM_Extended_Timing_Init)
    FMC_NORSRAM_Init                         0x08000a4d   Thumb Code   124  stm32h7xx_ll_fmc.o(i.FMC_NORSRAM_Init)
    FMC_NORSRAM_Timing_Init                  0x08000acd   Thumb Code    94  stm32h7xx_ll_fmc.o(i.FMC_NORSRAM_Timing_Init)
    GPIO_AD7606_Configuration                0x08000b2d   Thumb Code   176  ad7606.o(i.GPIO_AD7606_Configuration)
    HAL_DMA_Abort_IT                         0x08000bed   Thumb Code   236  stm32h7xx_hal_dma.o(i.HAL_DMA_Abort_IT)
    HAL_GPIO_Init                            0x08000ce5   Thumb Code   534  stm32h7xx_hal_gpio.o(i.HAL_GPIO_Init)
    HAL_GPIO_ReadPin                         0x08000f31   Thumb Code    16  stm32h7xx_hal_gpio.o(i.HAL_GPIO_ReadPin)
    HAL_GPIO_TogglePin                       0x08000f41   Thumb Code     8  stm32h7xx_hal_gpio.o(i.HAL_GPIO_TogglePin)
    HAL_GPIO_WritePin                        0x08000f49   Thumb Code    10  stm32h7xx_hal_gpio.o(i.HAL_GPIO_WritePin)
    HAL_GetTick                              0x08000f55   Thumb Code     6  stm32h7xx_hal.o(i.HAL_GetTick)
    HAL_IncTick                              0x08000f61   Thumb Code    16  stm32h7xx_hal.o(i.HAL_IncTick)
    HAL_Init                                 0x08000f79   Thumb Code    28  stm32h7xx_hal.o(i.HAL_Init)
    HAL_InitTick                             0x08000f95   Thumb Code    64  stm32h7xx_hal.o(i.HAL_InitTick)
    HAL_MPU_ConfigRegion                     0x08000fe1   Thumb Code    88  stm32h7xx_hal_cortex.o(i.HAL_MPU_ConfigRegion)
    HAL_MPU_Disable                          0x0800103d   Thumb Code    38  stm32h7xx_hal_cortex.o(i.HAL_MPU_Disable)
    HAL_MPU_Enable                           0x08001069   Thumb Code    58  stm32h7xx_hal_cortex.o(i.HAL_MPU_Enable)
    HAL_MspInit                              0x080010a9   Thumb Code     2  stm32h7xx_hal.o(i.HAL_MspInit)
    HAL_NVIC_EnableIRQ                       0x080010ab   Thumb Code    32  stm32h7xx_hal_cortex.o(i.HAL_NVIC_EnableIRQ)
    HAL_NVIC_SetPriority                     0x080010cb   Thumb Code   122  stm32h7xx_hal_cortex.o(i.HAL_NVIC_SetPriority)
    HAL_NVIC_SetPriorityGrouping             0x08001145   Thumb Code    32  stm32h7xx_hal_cortex.o(i.HAL_NVIC_SetPriorityGrouping)
    HAL_RCCEx_GetD1SysClockFreq              0x0800116d   Thumb Code    44  stm32h7xx_hal_rcc_ex.o(i.HAL_RCCEx_GetD1SysClockFreq)
    HAL_RCCEx_GetD3PCLK1Freq                 0x080011a5   Thumb Code    34  stm32h7xx_hal_rcc_ex.o(i.HAL_RCCEx_GetD3PCLK1Freq)
    HAL_RCCEx_GetPLL2ClockFreq               0x080011d1   Thumb Code   532  stm32h7xx_hal_rcc_ex.o(i.HAL_RCCEx_GetPLL2ClockFreq)
    HAL_RCCEx_GetPLL3ClockFreq               0x080013fd   Thumb Code   532  stm32h7xx_hal_rcc_ex.o(i.HAL_RCCEx_GetPLL3ClockFreq)
    HAL_RCC_ClockConfig                      0x08001629   Thumb Code   574  stm32h7xx_hal_rcc.o(i.HAL_RCC_ClockConfig)
    HAL_RCC_GetHCLKFreq                      0x08001879   Thumb Code    42  stm32h7xx_hal_rcc.o(i.HAL_RCC_GetHCLKFreq)
    HAL_RCC_GetPCLK1Freq                     0x080018b1   Thumb Code    34  stm32h7xx_hal_rcc.o(i.HAL_RCC_GetPCLK1Freq)
    HAL_RCC_GetPCLK2Freq                     0x080018dd   Thumb Code    36  stm32h7xx_hal_rcc.o(i.HAL_RCC_GetPCLK2Freq)
    HAL_RCC_GetSysClockFreq                  0x08001909   Thumb Code   556  stm32h7xx_hal_rcc.o(i.HAL_RCC_GetSysClockFreq)
    HAL_RCC_OscConfig                        0x08001b4d   Thumb Code  1724  stm32h7xx_hal_rcc.o(i.HAL_RCC_OscConfig)
    HAL_SPI_Init                             0x08002211   Thumb Code   598  stm32h7xx_hal_spi.o(i.HAL_SPI_Init)
    HAL_SPI_MspInit                          0x08002475   Thumb Code   108  ad7606.o(i.HAL_SPI_MspInit)
    HAL_SPI_Receive                          0x080024ed   Thumb Code   732  stm32h7xx_hal_spi.o(i.HAL_SPI_Receive)
    HAL_SPI_TransmitReceive                  0x080027c9   Thumb Code   988  stm32h7xx_hal_spi.o(i.HAL_SPI_TransmitReceive)
    HAL_SRAM_Init                            0x08002ba5   Thumb Code   100  stm32h7xx_hal_sram.o(i.HAL_SRAM_Init)
    HAL_SRAM_MspInit                         0x08002c0d   Thumb Code   220  lcd.o(i.HAL_SRAM_MspInit)
    HAL_SYSTICK_CLKSourceConfig              0x08002cf5   Thumb Code    40  stm32h7xx_hal_cortex.o(i.HAL_SYSTICK_CLKSourceConfig)
    HAL_SYSTICK_Config                       0x08002d1d   Thumb Code    52  stm32h7xx_hal_cortex.o(i.HAL_SYSTICK_Config)
    HAL_UARTEx_WakeupCallback                0x08002d51   Thumb Code     2  stm32h7xx_hal_uart_ex.o(i.HAL_UARTEx_WakeupCallback)
    HAL_UART_ErrorCallback                   0x08002d53   Thumb Code     2  stm32h7xx_hal_uart.o(i.HAL_UART_ErrorCallback)
    HAL_UART_GetState                        0x08002d55   Thumb Code    20  stm32h7xx_hal_uart.o(i.HAL_UART_GetState)
    HAL_UART_IRQHandler                      0x08002d69   Thumb Code   434  stm32h7xx_hal_uart.o(i.HAL_UART_IRQHandler)
    HAL_UART_Init                            0x08002f25   Thumb Code   120  stm32h7xx_hal_uart.o(i.HAL_UART_Init)
    HAL_UART_MspInit                         0x08002f9d   Thumb Code   164  usart.o(i.HAL_UART_MspInit)
    HAL_UART_Receive_IT                      0x0800304d   Thumb Code   224  stm32h7xx_hal_uart.o(i.HAL_UART_Receive_IT)
    HAL_UART_RxCpltCallback                  0x0800312d   Thumb Code   120  usart.o(i.HAL_UART_RxCpltCallback)
    HAL_UART_TxCpltCallback                  0x080031b5   Thumb Code     2  stm32h7xx_hal_uart.o(i.HAL_UART_TxCpltCallback)
    HardFault_Handler                        0x080031b7   Thumb Code     4  stm32h7xx_it.o(i.HardFault_Handler)
    LCD_Clear                                0x080031bd   Thumb Code    22  lcd.o(i.LCD_Clear)
    LCD_Display_Dir                          0x080031d9   Thumb Code   558  lcd.o(i.LCD_Display_Dir)
    LCD_Fast_DrawPoint                       0x0800340d   Thumb Code   178  lcd.o(i.LCD_Fast_DrawPoint)
    LCD_Fill                                 0x080034c9   Thumb Code   162  lcd.o(i.LCD_Fill)
    LCD_Init                                 0x08003575   Thumb Code  5182  lcd.o(i.LCD_Init)
    LCD_RD_DATA                              0x080049bd   Thumb Code    14  lcd.o(i.LCD_RD_DATA)
    LCD_ReadReg                              0x080049d1   Thumb Code    22  lcd.o(i.LCD_ReadReg)
    LCD_SetCursor                            0x080049e9   Thumb Code   172  lcd.o(i.LCD_SetCursor)
    LCD_Set_Window                           0x08004a99   Thumb Code   580  lcd.o(i.LCD_Set_Window)
    LCD_ShowChar                             0x08004ce1   Thumb Code   288  lcd.o(i.LCD_ShowChar)
    LCD_ShowString                           0x08004e1d   Thumb Code   124  lcd.o(i.LCD_ShowString)
    LCD_WR_DATA                              0x08004e9d   Thumb Code    18  lcd.o(i.LCD_WR_DATA)
    LCD_WR_REG                               0x08004eb5   Thumb Code    18  lcd.o(i.LCD_WR_REG)
    LCD_WriteRAM                             0x08004ecd   Thumb Code     6  lcd.o(i.LCD_WriteRAM)
    LCD_WriteRAM_Prepare                     0x08004ed9   Thumb Code    10  lcd.o(i.LCD_WriteRAM_Prepare)
    LCD_WriteReg                             0x08004eed   Thumb Code    10  lcd.o(i.LCD_WriteReg)
    LED_Init                                 0x08004efd   Thumb Code    22  led.o(i.LED_Init)
    MPU_Memory_Protection                    0x08004f13   Thumb Code    50  system.o(i.MPU_Memory_Protection)
    MPU_Set_Protection                       0x08004f45   Thumb Code    90  system.o(i.MPU_Set_Protection)
    MX_SPI2_Init                             0x08004fa1   Thumb Code   102  ad7606.o(i.MX_SPI2_Init)
    MemManage_Handler                        0x08005011   Thumb Code     4  stm32h7xx_it.o(i.MemManage_Handler)
    NMI_Handler                              0x08005015   Thumb Code     2  stm32h7xx_it.o(i.NMI_Handler)
    PendSV_Handler                           0x08005017   Thumb Code     2  stm32h7xx_it.o(i.PendSV_Handler)
    SVC_Handler                              0x08005287   Thumb Code     2  stm32h7xx_it.o(i.SVC_Handler)
    SysTick_Handler                          0x08005289   Thumb Code     8  stm32h7xx_it.o(i.SysTick_Handler)
    SysTick_clkconfig                        0x08005291   Thumb Code    16  delay.o(i.SysTick_clkconfig)
    SystemClock_Config                       0x080052a5   Thumb Code   192  system.o(i.SystemClock_Config)
    SystemInit                               0x08005369   Thumb Code   130  system_stm32h7xx.o(i.SystemInit)
    UART_AdvFeatureConfig                    0x080053fd   Thumb Code   234  stm32h7xx_hal_uart.o(i.UART_AdvFeatureConfig)
    UART_CheckIdleState                      0x080054e7   Thumb Code   116  stm32h7xx_hal_uart.o(i.UART_CheckIdleState)
    UART_SetConfig                           0x0800563d   Thumb Code  2452  stm32h7xx_hal_uart.o(i.UART_SetConfig)
    UART_WaitOnFlagUntilTimeout              0x08006063   Thumb Code   108  stm32h7xx_hal_uart.o(i.UART_WaitOnFlagUntilTimeout)
    USART1_IRQHandler                        0x080060d1   Thumb Code    66  usart.o(i.USART1_IRQHandler)
    UsageFault_Handler                       0x08006121   Thumb Code     4  stm32h7xx_it.o(i.UsageFault_Handler)
    __0printf                                0x08006125   Thumb Code    22  printfa.o(i.__0printf)
    __1printf                                0x08006125   Thumb Code     0  printfa.o(i.__0printf)
    __2printf                                0x08006125   Thumb Code     0  printfa.o(i.__0printf)
    __c89printf                              0x08006125   Thumb Code     0  printfa.o(i.__0printf)
    printf                                   0x08006125   Thumb Code     0  printfa.o(i.__0printf)
    __0sprintf                               0x08006145   Thumb Code    34  printfa.o(i.__0sprintf)
    __1sprintf                               0x08006145   Thumb Code     0  printfa.o(i.__0sprintf)
    __2sprintf                               0x08006145   Thumb Code     0  printfa.o(i.__0sprintf)
    __c89sprintf                             0x08006145   Thumb Code     0  printfa.o(i.__0sprintf)
    sprintf                                  0x08006145   Thumb Code     0  printfa.o(i.__0sprintf)
    __scatterload_copy                       0x080061a5   Thumb Code    14  handlers.o(i.__scatterload_copy)
    __scatterload_null                       0x080061b3   Thumb Code     2  handlers.o(i.__scatterload_null)
    __scatterload_zeroinit                   0x080061b5   Thumb Code    14  handlers.o(i.__scatterload_zeroinit)
    delay_ms                                 0x08006a59   Thumb Code    24  delay.o(i.delay_ms)
    delay_us                                 0x08006a71   Thumb Code    68  delay.o(i.delay_us)
    fputc                                    0x08006ab9   Thumb Code    22  usart.o(i.fputc)
    main                                     0x08006ad5   Thumb Code   390  main.o(i.main)
    uart_init                                0x08006cd9   Thumb Code    44  usart.o(i.uart_init)
    D1CorePrescTable                         0x08006d40   Data          16  system_stm32h7xx.o(.constdata)
    GPIO_PIN                                 0x08006d80   Data           6  led.o(.constdata)
    asc2_1206                                0x08006db6   Data        1140  lcd.o(.constdata)
    asc2_1608                                0x0800722a   Data        1520  lcd.o(.constdata)
    asc2_2412                                0x0800781a   Data        3420  lcd.o(.constdata)
    asc2_3216                                0x08008576   Data       12160  lcd.o(.constdata)
    Region$$Table$$Base                      0x0800b528   Number         0  anon$$obj.o(Region$$Table)
    Region$$Table$$Limit                     0x0800b548   Number         0  anon$$obj.o(Region$$Table)
    SystemCoreClock                          0x24000000   Data           4  system_stm32h7xx.o(.data)
    SystemD2Clock                            0x24000004   Data           4  system_stm32h7xx.o(.data)
    GPIO_PORT                                0x24000008   Data          12  led.o(.data)
    POINT_COLOR                              0x24000018   Data           4  lcd.o(.data)
    BACK_COLOR                               0x2400001c   Data           4  lcd.o(.data)
    USART_RX_STA                             0x24000020   Data           2  usart.o(.data)
    aRxBuffer                                0x24000022   Data           1  usart.o(.data)
    __stdout                                 0x24000024   Data           4  usart.o(.data)
    SRAM_Handler                             0x24000034   Data          76  lcd.o(.bss)
    lcddev                                   0x24000080   Data          16  lcd.o(.bss)
    USART_RX_BUF                             0x24000090   Data         200  usart.o(.bss)
    UART_Handler                             0x24000158   Data         128  usart.o(.bss)
    SPI2_Handler                             0x240001d8   Data         136  ad7606.o(.bss)
    __initial_sp                             0x24000660   Data           0  startup_stm32h750xx.o(STACK)



==============================================================================

Memory Map of the image

  Image Entry point : 0x08000299

  Load Region LR_IROM1 (Base: 0x08000000, Size: 0x0000b57c, Max: 0x00020000, ABSOLUTE)

    Execution Region ER_IROM1 (Exec base: 0x08000000, Load base: 0x08000000, Size: 0x0000b548, Max: 0x00020000, ABSOLUTE)

    Exec Addr    Load Addr    Size         Type   Attr      Idx    E Section Name        Object

    0x08000000   0x08000000   0x00000298   Data   RO         4942    RESET               startup_stm32h750xx.o
    0x08000298   0x08000298   0x00000000   Code   RO         4947  * .ARM.Collect$$$$00000000  mc_w.l(entry.o)
    0x08000298   0x08000298   0x00000004   Code   RO         5215    .ARM.Collect$$$$00000001  mc_w.l(entry2.o)
    0x0800029c   0x0800029c   0x00000004   Code   RO         5218    .ARM.Collect$$$$00000004  mc_w.l(entry5.o)
    0x080002a0   0x080002a0   0x00000000   Code   RO         5220    .ARM.Collect$$$$00000008  mc_w.l(entry7b.o)
    0x080002a0   0x080002a0   0x00000000   Code   RO         5222    .ARM.Collect$$$$0000000A  mc_w.l(entry8b.o)
    0x080002a0   0x080002a0   0x00000008   Code   RO         5223    .ARM.Collect$$$$0000000B  mc_w.l(entry9a.o)
    0x080002a8   0x080002a8   0x00000004   Code   RO         5230    .ARM.Collect$$$$0000000E  mc_w.l(entry12b.o)
    0x080002ac   0x080002ac   0x00000000   Code   RO         5225    .ARM.Collect$$$$0000000F  mc_w.l(entry10a.o)
    0x080002ac   0x080002ac   0x00000000   Code   RO         5227    .ARM.Collect$$$$00000011  mc_w.l(entry11a.o)
    0x080002ac   0x080002ac   0x00000004   Code   RO         5216    .ARM.Collect$$$$00002712  mc_w.l(entry2.o)
    0x080002b0   0x080002b0   0x00000024   Code   RO         4943    .text               startup_stm32h750xx.o
    0x080002d4   0x080002d4   0x00000062   Code   RO         4950    .text               mc_w.l(uldiv.o)
    0x08000336   0x08000336   0x00000024   Code   RO         4952    .text               mc_w.l(memseta.o)
    0x0800035a   0x0800035a   0x0000002c   Code   RO         5231    .text               mc_w.l(uidiv.o)
    0x08000386   0x08000386   0x0000001e   Code   RO         5233    .text               mc_w.l(llshl.o)
    0x080003a4   0x080003a4   0x00000020   Code   RO         5235    .text               mc_w.l(llushr.o)
    0x080003c4   0x080003c4   0x00000000   Code   RO         5237    .text               mc_w.l(iusefp.o)
    0x080003c4   0x080003c4   0x0000014e   Code   RO         5238    .text               mf_w.l(dadd.o)
    0x08000512   0x08000512   0x000000e4   Code   RO         5240    .text               mf_w.l(dmul.o)
    0x080005f6   0x080005f6   0x000000de   Code   RO         5242    .text               mf_w.l(ddiv.o)
    0x080006d4   0x080006d4   0x00000030   Code   RO         5244    .text               mf_w.l(dfixul.o)
    0x08000704   0x08000704   0x00000030   Code   RO         5246    .text               mf_w.l(cdrcmple.o)
    0x08000734   0x08000734   0x00000024   Code   RO         5248    .text               mc_w.l(init.o)
    0x08000758   0x08000758   0x00000024   Code   RO         5250    .text               mc_w.l(llsshr.o)
    0x0800077c   0x0800077c   0x000000ba   Code   RO         5252    .text               mf_w.l(depilogue.o)
    0x08000836   0x08000836   0x0000000c   Code   RO          904    i.AD7606_Delay      ad7606.o
    0x08000842   0x08000842   0x00000002   PAD
    0x08000844   0x08000844   0x0000006c   Code   RO          905    i.AD7606_Init       ad7606.o
    0x080008b0   0x080008b0   0x00000034   Code   RO          906    i.AD7606_RESET      ad7606.o
    0x080008e4   0x080008e4   0x00000018   Code   RO          907    i.AD7606_ReadData   ad7606.o
    0x080008fc   0x080008fc   0x0000003c   Code   RO          908    i.AD7606_StartConvst  ad7606.o
    0x08000938   0x08000938   0x000000a8   Code   RO          449    i.BSP_LED_Init      led.o
    0x080009e0   0x080009e0   0x00000004   Code   RO          332    i.BusFault_Handler  stm32h7xx_it.o
    0x080009e4   0x080009e4   0x0000001c   Code   RO          846    i.CPU_CACHE_Enable  system.o
    0x08000a00   0x08000a00   0x00000002   Code   RO          333    i.DebugMon_Handler  stm32h7xx_it.o
    0x08000a02   0x08000a02   0x00000002   PAD
    0x08000a04   0x08000a04   0x00000048   Code   RO         4331    i.FMC_NORSRAM_Extended_Timing_Init  stm32h7xx_ll_fmc.o
    0x08000a4c   0x08000a4c   0x00000080   Code   RO         4332    i.FMC_NORSRAM_Init  stm32h7xx_ll_fmc.o
    0x08000acc   0x08000acc   0x0000005e   Code   RO         4333    i.FMC_NORSRAM_Timing_Init  stm32h7xx_ll_fmc.o
    0x08000b2a   0x08000b2a   0x00000002   PAD
    0x08000b2c   0x08000b2c   0x000000c0   Code   RO          909    i.GPIO_AD7606_Configuration  ad7606.o
    0x08000bec   0x08000bec   0x000000f8   Code   RO         2841    i.HAL_DMA_Abort_IT  stm32h7xx_hal_dma.o
    0x08000ce4   0x08000ce4   0x0000024c   Code   RO         1446    i.HAL_GPIO_Init     stm32h7xx_hal_gpio.o
    0x08000f30   0x08000f30   0x00000010   Code   RO         1448    i.HAL_GPIO_ReadPin  stm32h7xx_hal_gpio.o
    0x08000f40   0x08000f40   0x00000008   Code   RO         1449    i.HAL_GPIO_TogglePin  stm32h7xx_hal_gpio.o
    0x08000f48   0x08000f48   0x0000000a   Code   RO         1450    i.HAL_GPIO_WritePin  stm32h7xx_hal_gpio.o
    0x08000f52   0x08000f52   0x00000002   PAD
    0x08000f54   0x08000f54   0x0000000c   Code   RO         1003    i.HAL_GetTick       stm32h7xx_hal.o
    0x08000f60   0x08000f60   0x00000018   Code   RO         1006    i.HAL_IncTick       stm32h7xx_hal.o
    0x08000f78   0x08000f78   0x0000001c   Code   RO         1007    i.HAL_Init          stm32h7xx_hal.o
    0x08000f94   0x08000f94   0x0000004c   Code   RO         1008    i.HAL_InitTick      stm32h7xx_hal.o
    0x08000fe0   0x08000fe0   0x0000005c   Code   RO         1296    i.HAL_MPU_ConfigRegion  stm32h7xx_hal_cortex.o
    0x0800103c   0x0800103c   0x0000002c   Code   RO         1297    i.HAL_MPU_Disable   stm32h7xx_hal_cortex.o
    0x08001068   0x08001068   0x00000040   Code   RO         1298    i.HAL_MPU_Enable    stm32h7xx_hal_cortex.o
    0x080010a8   0x080010a8   0x00000002   Code   RO         1010    i.HAL_MspInit       stm32h7xx_hal.o
    0x080010aa   0x080010aa   0x00000020   Code   RO         1301    i.HAL_NVIC_EnableIRQ  stm32h7xx_hal_cortex.o
    0x080010ca   0x080010ca   0x0000007a   Code   RO         1307    i.HAL_NVIC_SetPriority  stm32h7xx_hal_cortex.o
    0x08001144   0x08001144   0x00000028   Code   RO         1308    i.HAL_NVIC_SetPriorityGrouping  stm32h7xx_hal_cortex.o
    0x0800116c   0x0800116c   0x00000038   Code   RO         1621    i.HAL_RCCEx_GetD1SysClockFreq  stm32h7xx_hal_rcc_ex.o
    0x080011a4   0x080011a4   0x0000002c   Code   RO         1622    i.HAL_RCCEx_GetD3PCLK1Freq  stm32h7xx_hal_rcc_ex.o
    0x080011d0   0x080011d0   0x0000022c   Code   RO         1624    i.HAL_RCCEx_GetPLL2ClockFreq  stm32h7xx_hal_rcc_ex.o
    0x080013fc   0x080013fc   0x0000022c   Code   RO         1625    i.HAL_RCCEx_GetPLL3ClockFreq  stm32h7xx_hal_rcc_ex.o
    0x08001628   0x08001628   0x00000250   Code   RO         1512    i.HAL_RCC_ClockConfig  stm32h7xx_hal_rcc.o
    0x08001878   0x08001878   0x00000038   Code   RO         1516    i.HAL_RCC_GetHCLKFreq  stm32h7xx_hal_rcc.o
    0x080018b0   0x080018b0   0x0000002c   Code   RO         1518    i.HAL_RCC_GetPCLK1Freq  stm32h7xx_hal_rcc.o
    0x080018dc   0x080018dc   0x0000002c   Code   RO         1519    i.HAL_RCC_GetPCLK2Freq  stm32h7xx_hal_rcc.o
    0x08001908   0x08001908   0x00000244   Code   RO         1520    i.HAL_RCC_GetSysClockFreq  stm32h7xx_hal_rcc.o
    0x08001b4c   0x08001b4c   0x000006c4   Code   RO         1523    i.HAL_RCC_OscConfig  stm32h7xx_hal_rcc.o
    0x08002210   0x08002210   0x00000264   Code   RO         4630    i.HAL_SPI_Init      stm32h7xx_hal_spi.o
    0x08002474   0x08002474   0x00000078   Code   RO          910    i.HAL_SPI_MspInit   ad7606.o
    0x080024ec   0x080024ec   0x000002dc   Code   RO         4633    i.HAL_SPI_Receive   stm32h7xx_hal_spi.o
    0x080027c8   0x080027c8   0x000003dc   Code   RO         4639    i.HAL_SPI_TransmitReceive  stm32h7xx_hal_spi.o
    0x08002ba4   0x08002ba4   0x00000068   Code   RO         3289    i.HAL_SRAM_Init     stm32h7xx_hal_sram.o
    0x08002c0c   0x08002c0c   0x000000e8   Code   RO          565    i.HAL_SRAM_MspInit  lcd.o
    0x08002cf4   0x08002cf4   0x00000028   Code   RO         1310    i.HAL_SYSTICK_CLKSourceConfig  stm32h7xx_hal_cortex.o
    0x08002d1c   0x08002d1c   0x00000034   Code   RO         1312    i.HAL_SYSTICK_Config  stm32h7xx_hal_cortex.o
    0x08002d50   0x08002d50   0x00000002   Code   RO         2511    i.HAL_UARTEx_WakeupCallback  stm32h7xx_hal_uart_ex.o
    0x08002d52   0x08002d52   0x00000002   Code   RO         2175    i.HAL_UART_ErrorCallback  stm32h7xx_hal_uart.o
    0x08002d54   0x08002d54   0x00000014   Code   RO         2177    i.HAL_UART_GetState  stm32h7xx_hal_uart.o
    0x08002d68   0x08002d68   0x000001bc   Code   RO         2178    i.HAL_UART_IRQHandler  stm32h7xx_hal_uart.o
    0x08002f24   0x08002f24   0x00000078   Code   RO         2179    i.HAL_UART_Init     stm32h7xx_hal_uart.o
    0x08002f9c   0x08002f9c   0x000000b0   Code   RO          777    i.HAL_UART_MspInit  usart.o
    0x0800304c   0x0800304c   0x000000e0   Code   RO         2184    i.HAL_UART_Receive_IT  stm32h7xx_hal_uart.o
    0x0800312c   0x0800312c   0x00000088   Code   RO          778    i.HAL_UART_RxCpltCallback  usart.o
    0x080031b4   0x080031b4   0x00000002   Code   RO         2190    i.HAL_UART_TxCpltCallback  stm32h7xx_hal_uart.o
    0x080031b6   0x080031b6   0x00000004   Code   RO          334    i.HardFault_Handler  stm32h7xx_it.o
    0x080031ba   0x080031ba   0x00000002   PAD
    0x080031bc   0x080031bc   0x0000001c   Code   RO          567    i.LCD_Clear         lcd.o
    0x080031d8   0x080031d8   0x00000234   Code   RO          571    i.LCD_Display_Dir   lcd.o
    0x0800340c   0x0800340c   0x000000bc   Code   RO          576    i.LCD_Fast_DrawPoint  lcd.o
    0x080034c8   0x080034c8   0x000000ac   Code   RO          577    i.LCD_Fill          lcd.o
    0x08003574   0x08003574   0x00001448   Code   RO          578    i.LCD_Init          lcd.o
    0x080049bc   0x080049bc   0x00000014   Code   RO          580    i.LCD_RD_DATA       lcd.o
    0x080049d0   0x080049d0   0x00000016   Code   RO          582    i.LCD_ReadReg       lcd.o
    0x080049e6   0x080049e6   0x00000002   PAD
    0x080049e8   0x080049e8   0x000000b0   Code   RO          583    i.LCD_SetCursor     lcd.o
    0x08004a98   0x08004a98   0x00000248   Code   RO          584    i.LCD_Set_Window    lcd.o
    0x08004ce0   0x08004ce0   0x0000013c   Code   RO          585    i.LCD_ShowChar      lcd.o
    0x08004e1c   0x08004e1c   0x00000080   Code   RO          587    i.LCD_ShowString    lcd.o
    0x08004e9c   0x08004e9c   0x00000018   Code   RO          589    i.LCD_WR_DATA       lcd.o
    0x08004eb4   0x08004eb4   0x00000018   Code   RO          590    i.LCD_WR_REG        lcd.o
    0x08004ecc   0x08004ecc   0x0000000c   Code   RO          591    i.LCD_WriteRAM      lcd.o
    0x08004ed8   0x08004ed8   0x00000014   Code   RO          592    i.LCD_WriteRAM_Prepare  lcd.o
    0x08004eec   0x08004eec   0x00000010   Code   RO          593    i.LCD_WriteReg      lcd.o
    0x08004efc   0x08004efc   0x00000016   Code   RO          450    i.LED_Init          led.o
    0x08004f12   0x08004f12   0x00000032   Code   RO          847    i.MPU_Memory_Protection  system.o
    0x08004f44   0x08004f44   0x0000005a   Code   RO          848    i.MPU_Set_Protection  system.o
    0x08004f9e   0x08004f9e   0x00000002   PAD
    0x08004fa0   0x08004fa0   0x00000070   Code   RO          911    i.MX_SPI2_Init      ad7606.o
    0x08005010   0x08005010   0x00000004   Code   RO          335    i.MemManage_Handler  stm32h7xx_it.o
    0x08005014   0x08005014   0x00000002   Code   RO          336    i.NMI_Handler       stm32h7xx_it.o
    0x08005016   0x08005016   0x00000002   Code   RO          337    i.PendSV_Handler    stm32h7xx_it.o
    0x08005018   0x08005018   0x0000009c   Code   RO          849    i.SCB_EnableDCache  system.o
    0x080050b4   0x080050b4   0x0000007c   Code   RO          850    i.SCB_EnableICache  system.o
    0x08005130   0x08005130   0x000000fc   Code   RO         4655    i.SPI_CloseTransfer  stm32h7xx_hal_spi.o
    0x0800522c   0x0800522c   0x0000001a   Code   RO         4666    i.SPI_GetPacketSize  stm32h7xx_hal_spi.o
    0x08005246   0x08005246   0x00000040   Code   RO         4673    i.SPI_WaitOnFlagUntilTimeout  stm32h7xx_hal_spi.o
    0x08005286   0x08005286   0x00000002   Code   RO          338    i.SVC_Handler       stm32h7xx_it.o
    0x08005288   0x08005288   0x00000008   Code   RO          339    i.SysTick_Handler   stm32h7xx_it.o
    0x08005290   0x08005290   0x00000014   Code   RO          483    i.SysTick_clkconfig  delay.o
    0x080052a4   0x080052a4   0x000000c4   Code   RO          851    i.SystemClock_Config  system.o
    0x08005368   0x08005368   0x00000094   Code   RO          413    i.SystemInit        system_stm32h7xx.o
    0x080053fc   0x080053fc   0x000000ea   Code   RO         2192    i.UART_AdvFeatureConfig  stm32h7xx_hal_uart.o
    0x080054e6   0x080054e6   0x00000074   Code   RO         2193    i.UART_CheckIdleState  stm32h7xx_hal_uart.o
    0x0800555a   0x0800555a   0x00000018   Code   RO         2194    i.UART_DMAAbortOnError  stm32h7xx_hal_uart.o
    0x08005572   0x08005572   0x00000020   Code   RO         2204    i.UART_EndRxTransfer  stm32h7xx_hal_uart.o
    0x08005592   0x08005592   0x00000020   Code   RO         2205    i.UART_EndTransmit_IT  stm32h7xx_hal_uart.o
    0x080055b2   0x080055b2   0x0000008a   Code   RO         2207    i.UART_Receive_IT   stm32h7xx_hal_uart.o
    0x0800563c   0x0800563c   0x000009a4   Code   RO         2208    i.UART_SetConfig    stm32h7xx_hal_uart.o
    0x08005fe0   0x08005fe0   0x00000082   Code   RO         2209    i.UART_Transmit_IT  stm32h7xx_hal_uart.o
    0x08006062   0x08006062   0x0000006c   Code   RO         2210    i.UART_WaitOnFlagUntilTimeout  stm32h7xx_hal_uart.o
    0x080060ce   0x080060ce   0x00000002   PAD
    0x080060d0   0x080060d0   0x00000050   Code   RO          779    i.USART1_IRQHandler  usart.o
    0x08006120   0x08006120   0x00000004   Code   RO          340    i.UsageFault_Handler  stm32h7xx_it.o
    0x08006124   0x08006124   0x00000020   Code   RO         5187    i.__0printf         mc_w.l(printfa.o)
    0x08006144   0x08006144   0x00000028   Code   RO         5189    i.__0sprintf        mc_w.l(printfa.o)
    0x0800616c   0x0800616c   0x00000010   Code   RO         1314    i.__NVIC_GetPriorityGrouping  stm32h7xx_hal_cortex.o
    0x0800617c   0x0800617c   0x00000028   Code   RO         1315    i.__NVIC_SetPriority  stm32h7xx_hal_cortex.o
    0x080061a4   0x080061a4   0x0000000e   Code   RO         5256    i.__scatterload_copy  mc_w.l(handlers.o)
    0x080061b2   0x080061b2   0x00000002   Code   RO         5257    i.__scatterload_null  mc_w.l(handlers.o)
    0x080061b4   0x080061b4   0x0000000e   Code   RO         5258    i.__scatterload_zeroinit  mc_w.l(handlers.o)
    0x080061c2   0x080061c2   0x00000002   PAD
    0x080061c4   0x080061c4   0x00000184   Code   RO         5194    i._fp_digits        mc_w.l(printfa.o)
    0x08006348   0x08006348   0x000006b4   Code   RO         5195    i._printf_core      mc_w.l(printfa.o)
    0x080069fc   0x080069fc   0x00000024   Code   RO         5196    i._printf_post_padding  mc_w.l(printfa.o)
    0x08006a20   0x08006a20   0x0000002e   Code   RO         5197    i._printf_pre_padding  mc_w.l(printfa.o)
    0x08006a4e   0x08006a4e   0x0000000a   Code   RO         5199    i._sputc            mc_w.l(printfa.o)
    0x08006a58   0x08006a58   0x00000018   Code   RO          484    i.delay_ms          delay.o
    0x08006a70   0x08006a70   0x00000048   Code   RO          485    i.delay_us          delay.o
    0x08006ab8   0x08006ab8   0x0000001c   Code   RO          781    i.fputc             usart.o
    0x08006ad4   0x08006ad4   0x00000204   Code   RO            4    i.main              main.o
    0x08006cd8   0x08006cd8   0x00000038   Code   RO          782    i.uart_init         usart.o
    0x08006d10   0x08006d10   0x00000040   Data   RO          414    .constdata          system_stm32h7xx.o
    0x08006d50   0x08006d50   0x00000036   Data   RO          451    .constdata          led.o
    0x08006d86   0x08006d86   0x00004770   Data   RO          596    .constdata          lcd.o
    0x0800b4f6   0x0800b4f6   0x00000030   Data   RO         2211    .constdata          stm32h7xx_hal_uart.o
    0x0800b526   0x0800b526   0x00000002   PAD
    0x0800b528   0x0800b528   0x00000020   Data   RO         5254    Region$$Table       anon$$obj.o


    Execution Region RW_IRAM1 (Exec base: 0x20000000, Load base: 0x0800b548, Size: 0x00000000, Max: 0x00020000, ABSOLUTE)

    **** No section assigned to this execution region ****


    Execution Region RW_IRAM2 (Exec base: 0x24000000, Load base: 0x0800b548, Size: 0x00000660, Max: 0x00080000, ABSOLUTE)

    Exec Addr    Load Addr    Size         Type   Attr      Idx    E Section Name        Object

    0x24000000   0x0800b548   0x00000008   Data   RW          415    .data               system_stm32h7xx.o
    0x24000008   0x0800b550   0x0000000c   Data   RW          452    .data               led.o
    0x24000014   0x0800b55c   0x00000004   Data   RW          487    .data               delay.o
    0x24000018   0x0800b560   0x00000008   Data   RW          597    .data               lcd.o
    0x24000020   0x0800b568   0x00000008   Data   RW          785    .data               usart.o
    0x24000028   0x0800b570   0x00000009   Data   RW         1030    .data               stm32h7xx_hal.o
    0x24000031   0x0800b579   0x00000003   PAD
    0x24000034        -       0x0000005c   Zero   RW          595    .bss                lcd.o
    0x24000090        -       0x00000148   Zero   RW          783    .bss                usart.o
    0x240001d8        -       0x00000088   Zero   RW          913    .bss                ad7606.o
    0x24000260        -       0x00000400   Zero   RW         4940    STACK               startup_stm32h750xx.o


==============================================================================

Image component sizes


      Code (inc. data)   RO Data    RW Data    ZI Data      Debug   Object Name

       680         58          0          0        136       5951   ad7606.o
       116          8          0          4          0       2302   delay.o
      7718        160      18288          8         92      21650   lcd.o
       190         12         54         12          0       2059   led.o
       516        126          0          0          0    1234867   main.o
        36          8        664          0       1024        920   startup_stm32h750xx.o
       142         26          0          9          0       4340   stm32h7xx_hal.o
       542         38          0          0          0      42399   stm32h7xx_hal_cortex.o
       248         12          0          0          0       2183   stm32h7xx_hal_dma.o
       622         54          0          0          0       4064   stm32h7xx_hal_gpio.o
      3048         86          0          0          0       6384   stm32h7xx_hal_rcc.o
      1212         70          0          0          0       3827   stm32h7xx_hal_rcc_ex.o
      2674         14          0          0          0       6983   stm32h7xx_hal_spi.o
       104          4          0          0          0       1328   stm32h7xx_hal_sram.o
      4094        140         48          0          0      13856   stm32h7xx_hal_uart.o
         2          0          0          0          0       1080   stm32h7xx_hal_uart_ex.o
        32          0          0          0          0       5102   stm32h7xx_it.o
       294         10          0          0          0       3040   stm32h7xx_ll_fmc.o
       644         24          0          0          0      39176   system.o
       148         18         64          8          0       1558   system_stm32h7xx.o
       476         60          0          8        328       5584   usart.o

    ----------------------------------------------------------------------
     23554        928      19152         52       1580    1408653   Object Totals
         0          0         32          0          0          0   (incl. Generated)
        16          0          2          3          0          0   (incl. Padding)

    ----------------------------------------------------------------------

      Code (inc. data)   RO Data    RW Data    ZI Data      Debug   Library Member Name

         0          0          0          0          0          0   entry.o
         0          0          0          0          0          0   entry10a.o
         0          0          0          0          0          0   entry11a.o
         4          0          0          0          0          0   entry12b.o
         8          4          0          0          0          0   entry2.o
         4          0          0          0          0          0   entry5.o
         0          0          0          0          0          0   entry7b.o
         0          0          0          0          0          0   entry8b.o
         8          4          0          0          0          0   entry9a.o
        30          0          0          0          0          0   handlers.o
        36          8          0          0          0         68   init.o
         0          0          0          0          0          0   iusefp.o
        30          0          0          0          0         68   llshl.o
        36          0          0          0          0         68   llsshr.o
        32          0          0          0          0         68   llushr.o
        36          0          0          0          0        108   memseta.o
      2268         96          0          0          0        616   printfa.o
        44          0          0          0          0         80   uidiv.o
        98          0          0          0          0         92   uldiv.o
        48          0          0          0          0         68   cdrcmple.o
       334          0          0          0          0        148   dadd.o
       222          0          0          0          0        100   ddiv.o
       186          0          0          0          0        176   depilogue.o
        48          0          0          0          0         68   dfixul.o
       228          0          0          0          0         96   dmul.o

    ----------------------------------------------------------------------
      3702        112          0          0          0       1824   Library Totals
         2          0          0          0          0          0   (incl. Padding)

    ----------------------------------------------------------------------

      Code (inc. data)   RO Data    RW Data    ZI Data      Debug   Library Name

      2634        112          0          0          0       1168   mc_w.l
      1066          0          0          0          0        656   mf_w.l

    ----------------------------------------------------------------------
      3702        112          0          0          0       1824   Library Totals

    ----------------------------------------------------------------------

==============================================================================


      Code (inc. data)   RO Data    RW Data    ZI Data      Debug   

     27256       1040      19152         52       1580    1399745   Grand Totals
     27256       1040      19152         52       1580    1399745   ELF Image Totals
     27256       1040      19152         52          0          0   ROM Totals

==============================================================================

    Total RO  Size (Code + RO Data)                46408 (  45.32kB)
    Total RW  Size (RW Data + ZI Data)              1632 (   1.59kB)
    Total ROM Size (Code + RO Data + RW Data)      46460 (  45.37kB)

==============================================================================

